

================================================================
== Synthesis Summary Report of 'accelerator'
================================================================
+ General Information: 
    * Date:           Sat Oct 19 10:54:31 2024
    * Version:        2024.1 (Build 5069499 on May 21 2024)
    * Project:        accelerator
    * Solution:       hls (Vivado IP Flow Target)
    * Product family: zynquplus
    * Target device:  xczu3eg-sfvc784-1-e
    

+ Performance & Resource Estimates: 
    
    PS: '+' for module; 'o' for loop; '*' for dataflow
    +------------------------------------------+------+-------+---------+-----------+----------+---------+------+----------+------+---------+-----------+------------+-----+
    |                  Modules                 | Issue|       | Latency |  Latency  | Iteration|         | Trip |          |      |         |           |            |     |
    |                  & Loops                 | Type | Slack | (cycles)|    (ns)   |  Latency | Interval| Count| Pipelined| BRAM |   DSP   |     FF    |     LUT    | URAM|
    +------------------------------------------+------+-------+---------+-----------+----------+---------+------+----------+------+---------+-----------+------------+-----+
    |+ accelerator                             |     -|   3.59|    41098|  1.245e+06|         -|    41099|     -|        no|     -|  18 (5%)|  3485 (2%)|  7107 (10%)|    -|
    | + accelerator_Pipeline_VITIS_LOOP_47_1   |     -|  22.60|        4|    121.212|         -|        4|     -|        no|     -|        -|  198 (~0%)|   366 (~0%)|    -|
    |  o VITIS_LOOP_47_1                       |     -|  24.30|        2|     60.606|         2|        1|     2|       yes|     -|        -|          -|           -|    -|
    | + accelerator_Pipeline_VITIS_LOOP_65_3   |     -|   3.59|    41084|  1.245e+06|         -|    41084|     -|        no|     -|  18 (5%)|  2375 (1%)|   6067 (8%)|    -|
    |  o VITIS_LOOP_65_3                       |     -|  24.30|    41081|  1.245e+06|        82|       82|   500|       yes|     -|        -|          -|           -|    -|
    |   + model_array                          |     -|  16.30|        5|    151.515|         -|        5|     -|       yes|     -|  18 (5%)|  676 (~0%)|   570 (~0%)|    -|
    | + accelerator_Pipeline_VITIS_LOOP_157_9  |     -|  22.35|        4|    121.212|         -|        4|     -|        no|     -|        -|  196 (~0%)|   352 (~0%)|    -|
    |  o VITIS_LOOP_157_9                      |     -|  24.30|        2|     60.606|         1|        1|     2|       yes|     -|        -|          -|           -|    -|
    +------------------------------------------+------+-------+---------+-----------+----------+---------+------+----------+------+---------+-----------+------------+-----+


================================================================
== HW Interfaces
================================================================
* AP_MEMORY
+-----------------+-----------+----------+
| Port            | Direction | Bitwidth |
+-----------------+-----------+----------+
| bias_1_address0 | out       | 1        |
| bias_1_q0       | in        | 16       |
| bias_2_address0 | out       | 1        |
| bias_2_q0       | in        | 16       |
| w1_address0     | out       | 2        |
| w1_address1     | out       | 2        |
| w1_q0           | in        | 16       |
| w1_q1           | in        | 16       |
| w2_address0     | out       | 2        |
| w2_address1     | out       | 2        |
| w2_q0           | in        | 16       |
| w2_q1           | in        | 16       |
+-----------------+-----------+----------+

* Other Ports
+-----------+---------+-----------+----------+
| Port      | Mode    | Direction | Bitwidth |
+-----------+---------+-----------+----------+
| ap_return |         | out       | 256      |
| training  | ap_none | in        | 16       |
+-----------+---------+-----------+----------+

* TOP LEVEL CONTROL
+-----------+------------+-----------------------------------+
| Interface | Type       | Ports                             |
+-----------+------------+-----------------------------------+
| ap_clk    | clock      | ap_clk                            |
| ap_rst    | reset      | ap_rst                            |
| ap_ctrl   | ap_ctrl_hs | ap_done ap_idle ap_ready ap_start |
+-----------+------------+-----------------------------------+


================================================================
== SW I/O Information
================================================================
* Top Function Arguments
+----------+-----------+--------------------------------------+
| Argument | Direction | Datatype                             |
+----------+-----------+--------------------------------------+
| w1       | in        | ap_fixed<16, 7, AP_TRN, AP_WRAP, 0>* |
| w2       | in        | ap_fixed<16, 7, AP_TRN, AP_WRAP, 0>* |
| bias_1   | in        | ap_fixed<16, 7, AP_TRN, AP_WRAP, 0>* |
| bias_2   | in        | ap_fixed<16, 7, AP_TRN, AP_WRAP, 0>* |
| training | in        | ap_fixed<16, 7, AP_TRN, AP_WRAP, 0>  |
| return   | out       | Inference                            |
+----------+-----------+--------------------------------------+

* SW-to-HW Mapping
+----------+-----------------+---------+----------+
| Argument | HW Interface    | HW Type | HW Usage |
+----------+-----------------+---------+----------+
| w1       | w1_address0     | port    | offset   |
| w1       | w1_ce0          | port    |          |
| w1       | w1_q0           | port    |          |
| w1       | w1_address1     | port    | offset   |
| w1       | w1_ce1          | port    |          |
| w1       | w1_q1           | port    |          |
| w2       | w2_address0     | port    | offset   |
| w2       | w2_ce0          | port    |          |
| w2       | w2_q0           | port    |          |
| w2       | w2_address1     | port    | offset   |
| w2       | w2_ce1          | port    |          |
| w2       | w2_q1           | port    |          |
| bias_1   | bias_1_address0 | port    | offset   |
| bias_1   | bias_1_ce0      | port    |          |
| bias_1   | bias_1_q0       | port    |          |
| bias_2   | bias_2_address0 | port    | offset   |
| bias_2   | bias_2_ce0      | port    |          |
| bias_2   | bias_2_q0       | port    |          |
| training | training        | port    |          |
| return   | ap_return       | port    |          |
+----------+-----------------+---------+----------+


================================================================
== M_AXI Burst Information
================================================================
 Note: All burst requests might be further partitioned into multiple requests during RTL generation based on max_read_burst_length or max_write_burst_length settings.


================================================================
== Bind Op Report
================================================================
+------------------------------------------+-----+--------+----------------------------+-----------+-----------+---------+
| Name                                     | DSP | Pragma | Variable                   | Op        | Impl      | Latency |
+------------------------------------------+-----+--------+----------------------------+-----------+-----------+---------+
| + accelerator                            | 18  |        |                            |           |           |         |
|   cmp_i_i_fu_425_p2                      |     |        | cmp_i_i                    | seteq     | auto      | 0       |
|   select_ln65_fu_504_p3                  |     |        | select_ln65                | select    | auto_sel  | 0       |
|   select_ln65_1_fu_512_p3                |     |        | select_ln65_1              | select    | auto_sel  | 0       |
|   select_ln65_2_fu_520_p3                |     |        | select_ln65_2              | select    | auto_sel  | 0       |
|   select_ln65_3_fu_528_p3                |     |        | select_ln65_3              | select    | auto_sel  | 0       |
|   select_ln65_4_fu_536_p3                |     |        | select_ln65_4              | select    | auto_sel  | 0       |
|   select_ln65_5_fu_544_p3                |     |        | select_ln65_5              | select    | auto_sel  | 0       |
|   select_ln65_6_fu_552_p3                |     |        | select_ln65_6              | select    | auto_sel  | 0       |
|   select_ln65_7_fu_560_p3                |     |        | select_ln65_7              | select    | auto_sel  | 0       |
|   select_ln65_8_fu_624_p3                |     |        | select_ln65_8              | select    | auto_sel  | 0       |
|   select_ln65_9_fu_568_p3                |     |        | select_ln65_9              | select    | auto_sel  | 0       |
|   select_ln65_10_fu_576_p3               |     |        | select_ln65_10             | select    | auto_sel  | 0       |
|   select_ln65_11_fu_584_p3               |     |        | select_ln65_11             | select    | auto_sel  | 0       |
|   select_ln65_12_fu_592_p3               |     |        | select_ln65_12             | select    | auto_sel  | 0       |
|   select_ln65_13_fu_631_p3               |     |        | select_ln65_13             | select    | auto_sel  | 0       |
|   select_ln65_14_fu_638_p3               |     |        | select_ln65_14             | select    | auto_sel  | 0       |
|   select_ln65_15_fu_645_p3               |     |        | select_ln65_15             | select    | auto_sel  | 0       |
|  + accelerator_Pipeline_VITIS_LOOP_47_1  | 0   |        |                            |           |           |         |
|    icmp_ln47_fu_350_p2                   |     |        | icmp_ln47                  | seteq     | auto      | 0       |
|    add_ln47_fu_356_p2                    |     |        | add_ln47                   | add       | fabric    | 0       |
|    icmp_ln48_fu_398_p2                   |     |        | icmp_ln48                  | seteq     | auto      | 0       |
|    select_ln48_fu_445_p3                 |     |        | select_ln48                | select    | auto_sel  | 0       |
|    select_ln48_1_fu_452_p3               |     |        | select_ln48_1              | select    | auto_sel  | 0       |
|    select_ln48_2_fu_459_p3               |     |        | select_ln48_2              | select    | auto_sel  | 0       |
|    select_ln48_3_fu_466_p3               |     |        | select_ln48_3              | select    | auto_sel  | 0       |
|    select_ln48_4_fu_473_p3               |     |        | select_ln48_4              | select    | auto_sel  | 0       |
|    select_ln48_5_fu_480_p3               |     |        | select_ln48_5              | select    | auto_sel  | 0       |
|    select_ln48_6_fu_487_p3               |     |        | select_ln48_6              | select    | auto_sel  | 0       |
|    select_ln48_7_fu_494_p3               |     |        | select_ln48_7              | select    | auto_sel  | 0       |
|    select_ln48_8_fu_501_p3               |     |        | select_ln48_8              | select    | auto_sel  | 0       |
|    select_ln48_9_fu_508_p3               |     |        | select_ln48_9              | select    | auto_sel  | 0       |
|    select_ln48_10_fu_515_p3              |     |        | select_ln48_10             | select    | auto_sel  | 0       |
|    select_ln48_11_fu_522_p3              |     |        | select_ln48_11             | select    | auto_sel  | 0       |
|  + accelerator_Pipeline_VITIS_LOOP_65_3  | 18  |        |                            |           |           |         |
|    icmp_ln65_fu_890_p2                   |     |        | icmp_ln65                  | seteq     | auto      | 0       |
|    i_2_fu_896_p2                         |     |        | i_2                        | add       | fabric    | 0       |
|    grp_fu_632_p2                         |     |        | icmp_ln94                  | seteq     | auto      | 0       |
|    grp_fu_646_p2                         |     |        | sub_ln94                   | sub       | fabric    | 0       |
|    grp_fu_652_p3                         |     |        | select_ln94                | select    | auto_sel  | 0       |
|    tmp_3_fu_966_p3                       |     |        | tmp_3                      | cttz      | auto      | 0       |
|    sub_ln94_1_fu_978_p2                  |     |        | sub_ln94_1                 | sub       | fabric    | 0       |
|    add_ln94_fu_984_p2                    |     |        | add_ln94                   | add       | fabric    | 0       |
|    icmp_ln94_1_fu_1000_p2                |     |        | icmp_ln94_1                | setgt     | auto      | 0       |
|    sub_ln94_16_fu_1010_p2                |     |        | sub_ln94_16                | sub       | fabric    | 0       |
|    lshr_ln94_8_fu_1020_p2                |     |        | lshr_ln94_8                | lshr      | auto_pipe | 0       |
|    and_ln94_12_fu_1026_p2                |     |        | and_ln94_12                | and       | auto      | 0       |
|    icmp_ln94_2_fu_1032_p2                |     |        | icmp_ln94_2                | setne     | auto      | 0       |
|    phi_ln94_fu_1038_p2                   |     |        | phi_ln94                   | and       | auto      | 0       |
|    xor_ln94_4_fu_1052_p2                 |     |        | xor_ln94_4                 | xor       | auto      | 0       |
|    and_ln94_fu_1066_p2                   |     |        | and_ln94                   | and       | auto      | 0       |
|    or_ln94_4_fu_1072_p2                  |     |        | or_ln94_4                  | or        | auto      | 0       |
|    icmp_ln94_3_fu_1086_p2                |     |        | icmp_ln94_3                | setgt     | auto      | 0       |
|    add_ln94_1_fu_1109_p2                 |     |        | add_ln94_1                 | add       | fabric    | 0       |
|    lshr_ln94_fu_1118_p2                  |     |        | lshr_ln94                  | lshr      | auto_pipe | 0       |
|    sub_ln94_2_fu_1124_p2                 |     |        | sub_ln94_2                 | sub       | fabric    | 0       |
|    shl_ln94_fu_1133_p2                   |     |        | shl_ln94                   | shl       | auto_pipe | 0       |
|    cond50_i_i315_fu_1138_p3              |     |        | cond50_i_i315              | select    | auto_sel  | 0       |
|    add_ln94_2_fu_1147_p2                 |     |        | add_ln94_2                 | add       | fabric    | 0       |
|    select_ln94_1_fu_1175_p3              |     |        | select_ln94_1              | select    | auto_sel  | 0       |
|    icmp_ln94_4_fu_1228_p2                |     |        | icmp_ln94_4                | setne     | auto      | 0       |
|    icmp_ln94_6_fu_1234_p2                |     |        | icmp_ln94_6                | seteq     | auto      | 0       |
|    or_ln94_7_fu_1240_p2                  |     |        | or_ln94_7                  | or        | auto      | 0       |
|    dcmp_64ns_64ns_1_1_no_dsp_1_U49       |     |        | tmp_7                      | dcmp      | auto      | 0       |
|    and_ln94_1_fu_2112_p2                 |     |        | and_ln94_1                 | and       | auto      | 0       |
|    output_array_inference_4_fu_2154_p4   |     |        | select_ln97_4              | select    | auto_sel  | 0       |
|    dcmp_64ns_64ns_1_1_no_dsp_1_U49       |     |        | tmp_8                      | dcmp      | auto      | 0       |
|    and_ln97_fu_2124_p2                   |     |        | and_ln97                   | and       | auto      | 0       |
|    output_array_inference_4_fu_2154_p6   |     |        | select_ln97                | select    | auto_sel  | 0       |
|    xor_ln94_fu_2136_p2                   |     |        | xor_ln94                   | xor       | auto      | 0       |
|    and_ln94_2_fu_2141_p2                 |     |        | and_ln94_2                 | and       | auto      | 0       |
|    sparsemux_7_2_16_1_1_U50              |     |        | output_array_inference_4   | sparsemux | auto      | 0       |
|    grp_fu_670_p2                         |     |        | icmp_ln106                 | setgt     | auto      | 0       |
|    select_ln106_fu_1092_p3               |     |        | select_ln106               | select    | auto_sel  | 0       |
|    grp_fu_632_p2                         |     |        | icmp_ln94_5                | seteq     | auto      | 0       |
|    grp_fu_646_p2                         |     |        | sub_ln94_4                 | sub       | fabric    | 0       |
|    grp_fu_652_p3                         |     |        | select_ln94_2              | select    | auto_sel  | 0       |
|    tmp_12_fu_1258_p3                     |     |        | tmp_12                     | cttz      | auto      | 0       |
|    sub_ln94_5_fu_1270_p2                 |     |        | sub_ln94_5                 | sub       | fabric    | 0       |
|    add_ln94_4_fu_1276_p2                 |     |        | add_ln94_4                 | add       | fabric    | 0       |
|    icmp_ln94_8_fu_1292_p2                |     |        | icmp_ln94_8                | setgt     | auto      | 0       |
|    sub_ln94_17_fu_1302_p2                |     |        | sub_ln94_17                | sub       | fabric    | 0       |
|    lshr_ln94_9_fu_1312_p2                |     |        | lshr_ln94_9                | lshr      | auto_pipe | 0       |
|    and_ln94_13_fu_1318_p2                |     |        | and_ln94_13                | and       | auto      | 0       |
|    icmp_ln94_7_fu_1324_p2                |     |        | icmp_ln94_7                | setne     | auto      | 0       |
|    phi_ln94_1_fu_1330_p2                 |     |        | phi_ln94_1                 | and       | auto      | 0       |
|    xor_ln94_5_fu_1344_p2                 |     |        | xor_ln94_5                 | xor       | auto      | 0       |
|    and_ln94_3_fu_1358_p2                 |     |        | and_ln94_3                 | and       | auto      | 0       |
|    or_ln94_fu_1364_p2                    |     |        | or_ln94                    | or        | auto      | 0       |
|    icmp_ln94_9_fu_1378_p2                |     |        | icmp_ln94_9                | setgt     | auto      | 0       |
|    add_ln94_5_fu_1388_p2                 |     |        | add_ln94_5                 | add       | fabric    | 0       |
|    lshr_ln94_2_fu_1397_p2                |     |        | lshr_ln94_2                | lshr      | auto_pipe | 0       |
|    sub_ln94_6_fu_1403_p2                 |     |        | sub_ln94_6                 | sub       | fabric    | 0       |
|    shl_ln94_1_fu_1412_p2                 |     |        | shl_ln94_1                 | shl       | auto_pipe | 0       |
|    cond50_i_i315_1_fu_1417_p3            |     |        | cond50_i_i315_1            | select    | auto_sel  | 0       |
|    add_ln94_6_fu_1426_p2                 |     |        | add_ln94_6                 | add       | fabric    | 0       |
|    select_ln94_3_fu_1454_p3              |     |        | select_ln94_3              | select    | auto_sel  | 0       |
|    icmp_ln94_11_fu_1507_p2               |     |        | icmp_ln94_11               | setne     | auto      | 0       |
|    icmp_ln94_13_fu_1513_p2               |     |        | icmp_ln94_13               | seteq     | auto      | 0       |
|    or_ln94_8_fu_1519_p2                  |     |        | or_ln94_8                  | or        | auto      | 0       |
|    dcmp_64ns_64ns_1_1_no_dsp_1_U49       |     |        | tmp_17                     | dcmp      | auto      | 0       |
|    and_ln94_4_fu_2174_p2                 |     |        | and_ln94_4                 | and       | auto      | 0       |
|    output_array_inference_5_fu_2216_p4   |     |        | select_ln97_5              | select    | auto_sel  | 0       |
|    dcmp_64ns_64ns_1_1_no_dsp_1_U49       |     |        | tmp_18                     | dcmp      | auto      | 0       |
|    and_ln97_1_fu_2186_p2                 |     |        | and_ln97_1                 | and       | auto      | 0       |
|    output_array_inference_5_fu_2216_p6   |     |        | select_ln97_1              | select    | auto_sel  | 0       |
|    xor_ln94_1_fu_2198_p2                 |     |        | xor_ln94_1                 | xor       | auto      | 0       |
|    and_ln94_5_fu_2203_p2                 |     |        | and_ln94_5                 | and       | auto      | 0       |
|    sparsemux_7_2_16_1_1_U51              |     |        | output_array_inference_5   | sparsemux | auto      | 0       |
|    grp_fu_670_p2                         |     |        | icmp_ln106_1               | setgt     | auto      | 0       |
|    grp_fu_716_p2                         |     |        | add_ln107                  | add       | fabric    | 0       |
|    grp_fu_722_p3                         |     |        | select_ln106_1             | select    | auto_sel  | 0       |
|    grp_fu_632_p2                         |     |        | icmp_ln94_10               | seteq     | auto      | 0       |
|    grp_fu_646_p2                         |     |        | sub_ln94_8                 | sub       | fabric    | 0       |
|    grp_fu_652_p3                         |     |        | select_ln94_4              | select    | auto_sel  | 0       |
|    tmp_22_fu_1537_p3                     |     |        | tmp_22                     | cttz      | auto      | 0       |
|    sub_ln94_9_fu_1549_p2                 |     |        | sub_ln94_9                 | sub       | fabric    | 0       |
|    add_ln94_8_fu_1555_p2                 |     |        | add_ln94_8                 | add       | fabric    | 0       |
|    icmp_ln94_16_fu_1571_p2               |     |        | icmp_ln94_16               | setgt     | auto      | 0       |
|    sub_ln94_18_fu_1581_p2                |     |        | sub_ln94_18                | sub       | fabric    | 0       |
|    lshr_ln94_10_fu_1591_p2               |     |        | lshr_ln94_10               | lshr      | auto_pipe | 0       |
|    and_ln94_14_fu_1597_p2                |     |        | and_ln94_14                | and       | auto      | 0       |
|    icmp_ln94_12_fu_1603_p2               |     |        | icmp_ln94_12               | setne     | auto      | 0       |
|    phi_ln94_2_fu_1609_p2                 |     |        | phi_ln94_2                 | and       | auto      | 0       |
|    xor_ln94_6_fu_1623_p2                 |     |        | xor_ln94_6                 | xor       | auto      | 0       |
|    and_ln94_6_fu_1637_p2                 |     |        | and_ln94_6                 | and       | auto      | 0       |
|    or_ln94_5_fu_1643_p2                  |     |        | or_ln94_5                  | or        | auto      | 0       |
|    icmp_ln94_14_fu_1657_p2               |     |        | icmp_ln94_14               | setgt     | auto      | 0       |
|    add_ln94_9_fu_1667_p2                 |     |        | add_ln94_9                 | add       | fabric    | 0       |
|    lshr_ln94_4_fu_1676_p2                |     |        | lshr_ln94_4                | lshr      | auto_pipe | 0       |
|    sub_ln94_10_fu_1682_p2                |     |        | sub_ln94_10                | sub       | fabric    | 0       |
|    shl_ln94_2_fu_1691_p2                 |     |        | shl_ln94_2                 | shl       | auto_pipe | 0       |
|    cond50_i_i315_2_fu_1696_p3            |     |        | cond50_i_i315_2            | select    | auto_sel  | 0       |
|    add_ln94_10_fu_1705_p2                |     |        | add_ln94_10                | add       | fabric    | 0       |
|    select_ln94_5_fu_1733_p3              |     |        | select_ln94_5              | select    | auto_sel  | 0       |
|    icmp_ln94_18_fu_1786_p2               |     |        | icmp_ln94_18               | setne     | auto      | 0       |
|    icmp_ln94_20_fu_1792_p2               |     |        | icmp_ln94_20               | seteq     | auto      | 0       |
|    or_ln94_9_fu_1798_p2                  |     |        | or_ln94_9                  | or        | auto      | 0       |
|    dcmp_64ns_64ns_1_1_no_dsp_1_U49       |     |        | tmp_27                     | dcmp      | auto      | 0       |
|    and_ln94_7_fu_2236_p2                 |     |        | and_ln94_7                 | and       | auto      | 0       |
|    output_array_inference_6_fu_2278_p4   |     |        | select_ln97_6              | select    | auto_sel  | 0       |
|    dcmp_64ns_64ns_1_1_no_dsp_1_U49       |     |        | tmp_28                     | dcmp      | auto      | 0       |
|    and_ln97_2_fu_2248_p2                 |     |        | and_ln97_2                 | and       | auto      | 0       |
|    output_array_inference_6_fu_2278_p6   |     |        | select_ln97_2              | select    | auto_sel  | 0       |
|    xor_ln94_2_fu_2260_p2                 |     |        | xor_ln94_2                 | xor       | auto      | 0       |
|    and_ln94_8_fu_2265_p2                 |     |        | and_ln94_8                 | and       | auto      | 0       |
|    sparsemux_7_2_16_1_1_U52              |     |        | output_array_inference_6   | sparsemux | auto      | 0       |
|    grp_fu_670_p2                         |     |        | icmp_ln106_2               | setgt     | auto      | 0       |
|    grp_fu_716_p2                         |     |        | add_ln107_1                | add       | fabric    | 0       |
|    grp_fu_722_p3                         |     |        | select_ln106_2             | select    | auto_sel  | 0       |
|    grp_fu_632_p2                         |     |        | icmp_ln94_15               | seteq     | auto      | 0       |
|    grp_fu_646_p2                         |     |        | sub_ln94_12                | sub       | fabric    | 0       |
|    grp_fu_652_p3                         |     |        | select_ln94_6              | select    | auto_sel  | 0       |
|    tmp_32_fu_1820_p3                     |     |        | tmp_32                     | cttz      | auto      | 0       |
|    sub_ln94_13_fu_1832_p2                |     |        | sub_ln94_13                | sub       | fabric    | 0       |
|    add_ln94_12_fu_1838_p2                |     |        | add_ln94_12                | add       | fabric    | 0       |
|    icmp_ln94_21_fu_1854_p2               |     |        | icmp_ln94_21               | setgt     | auto      | 0       |
|    sub_ln94_19_fu_1864_p2                |     |        | sub_ln94_19                | sub       | fabric    | 0       |
|    lshr_ln94_11_fu_1874_p2               |     |        | lshr_ln94_11               | lshr      | auto_pipe | 0       |
|    and_ln94_15_fu_1880_p2                |     |        | and_ln94_15                | and       | auto      | 0       |
|    icmp_ln94_17_fu_1886_p2               |     |        | icmp_ln94_17               | setne     | auto      | 0       |
|    phi_ln94_3_fu_1892_p2                 |     |        | phi_ln94_3                 | and       | auto      | 0       |
|    xor_ln94_7_fu_1906_p2                 |     |        | xor_ln94_7                 | xor       | auto      | 0       |
|    and_ln94_9_fu_1920_p2                 |     |        | and_ln94_9                 | and       | auto      | 0       |
|    or_ln94_6_fu_1926_p2                  |     |        | or_ln94_6                  | or        | auto      | 0       |
|    icmp_ln94_19_fu_1940_p2               |     |        | icmp_ln94_19               | setgt     | auto      | 0       |
|    add_ln94_13_fu_1963_p2                |     |        | add_ln94_13                | add       | fabric    | 0       |
|    lshr_ln94_6_fu_1972_p2                |     |        | lshr_ln94_6                | lshr      | auto_pipe | 0       |
|    sub_ln94_14_fu_1978_p2                |     |        | sub_ln94_14                | sub       | fabric    | 0       |
|    shl_ln94_3_fu_1987_p2                 |     |        | shl_ln94_3                 | shl       | auto_pipe | 0       |
|    cond50_i_i315_3_fu_1992_p3            |     |        | cond50_i_i315_3            | select    | auto_sel  | 0       |
|    add_ln94_14_fu_2001_p2                |     |        | add_ln94_14                | add       | fabric    | 0       |
|    select_ln94_7_fu_2029_p3              |     |        | select_ln94_7              | select    | auto_sel  | 0       |
|    icmp_ln94_22_fu_2082_p2               |     |        | icmp_ln94_22               | setne     | auto      | 0       |
|    icmp_ln94_23_fu_2088_p2               |     |        | icmp_ln94_23               | seteq     | auto      | 0       |
|    or_ln94_10_fu_2094_p2                 |     |        | or_ln94_10                 | or        | auto      | 0       |
|    dcmp_64ns_64ns_1_1_no_dsp_1_U49       |     |        | tmp_37                     | dcmp      | auto      | 0       |
|    and_ln94_10_fu_2298_p2                |     |        | and_ln94_10                | and       | auto      | 0       |
|    output_array_inference_7_fu_2340_p4   |     |        | select_ln97_7              | select    | auto_sel  | 0       |
|    dcmp_64ns_64ns_1_1_no_dsp_1_U49       |     |        | tmp_38                     | dcmp      | auto      | 0       |
|    and_ln97_3_fu_2310_p2                 |     |        | and_ln97_3                 | and       | auto      | 0       |
|    output_array_inference_7_fu_2340_p6   |     |        | select_ln97_3              | select    | auto_sel  | 0       |
|    xor_ln94_3_fu_2322_p2                 |     |        | xor_ln94_3                 | xor       | auto      | 0       |
|    and_ln94_11_fu_2327_p2                |     |        | and_ln94_11                | and       | auto      | 0       |
|    sparsemux_7_2_16_1_1_U53              |     |        | output_array_inference_7   | sparsemux | auto      | 0       |
|    grp_fu_670_p2                         |     |        | icmp_ln106_3               | setgt     | auto      | 0       |
|    select_ln106_3_fu_1946_p3             |     |        | select_ln106_3             | select    | auto_sel  | 0       |
|   + model_array                          | 18  |        |                            |           |           |         |
|     mul_16s_16s_25_1_1_U19               | 1   |        | mul_ln12                   | mul       | auto      | 0       |
|     mul_16s_16s_25_1_1_U20               | 1   |        | mul_ln13                   | mul       | auto      | 0       |
|     mul_16s_16s_32_1_1_U22               | 1   |        | mul_ln14                   | mul       | auto      | 0       |
|     mul_32s_7s_34_1_1_U17                | 2   |        | mul_ln14_1                 | mul       | auto      | 0       |
|     add_ln14_fu_244_p2                   |     |        | add_ln14                   | add       | fabric    | 0       |
|     mul_16s_16s_32_1_1_U24               | 1   |        | mul_ln14_2                 | mul       | auto      | 0       |
|     mac_mulsub_16s_6ns_25s_25_4_1_U27    | 1   |        | mul_ln15                   | mul       | dsp_slice | 3       |
|     mac_mulsub_16s_6ns_25s_25_4_1_U27    | 1   |        | sext_ln15                  | sext      | dsp_slice | 3       |
|     mac_mulsub_16s_6ns_25s_25_4_1_U27    | 1   |        | sub_ln15                   | sub       | dsp_slice | 3       |
|     mul_16s_16s_32_1_1_U25               | 1   |        | mul_ln14_3                 | mul       | auto      | 0       |
|     mul_16s_16s_25_1_1_U21               | 1   |        | mul_ln12_1                 | mul       | auto      | 0       |
|     mac_muladd_16s_16s_25ns_25_4_1_U28   | 1   |        | mul_ln13_1                 | mul       | dsp_slice | 3       |
|     mac_muladd_16s_16s_25ns_25_4_1_U28   | 1   |        | add_ln13                   | add       | dsp_slice | 3       |
|     mul_32s_7s_34_1_1_U17                | 2   |        | mul_ln14_4                 | mul       | auto      | 0       |
|     add_ln14_1_fu_333_p2                 |     |        | add_ln14_1                 | add       | fabric    | 0       |
|     bias_out_net_sum_fu_378_p2           |     |        | bias_out_net_sum           | add       | fabric    | 0       |
|     icmp_ln12_fu_387_p2                  |     |        | icmp_ln12                  | setgt     | auto      | 0       |
|     output_3_fu_393_p3                   |     |        | output_3                   | select    | auto_sel  | 0       |
|     mac_muladd_16s_16s_25ns_25_4_1_U29   | 1   |        | mul_ln12_2                 | mul       | dsp_slice | 3       |
|     mac_muladd_16s_16s_25ns_25_4_1_U29   | 1   |        | add_ln12                   | add       | dsp_slice | 3       |
|     mul_16s_16s_25_1_1_U23               | 1   |        | mul_ln13_2                 | mul       | auto      | 0       |
|     mul_32s_7s_34_1_1_U17                | 2   |        | mul_ln14_5                 | mul       | auto      | 0       |
|     add_ln14_3_fu_408_p2                 |     |        | add_ln14_3                 | add       | fabric    | 0       |
|     mac_muladd_16s_16s_25ns_25_4_1_U30   | 1   |        | mul_ln12_3                 | mul       | dsp_slice | 3       |
|     mac_muladd_16s_16s_25ns_25_4_1_U30   | 1   |        | add_ln12_1                 | add       | dsp_slice | 3       |
|     mac_muladd_16s_16s_25ns_25_4_1_U31   | 1   |        | mul_ln13_3                 | mul       | dsp_slice | 3       |
|     mac_muladd_16s_16s_25ns_25_4_1_U31   | 1   |        | add_ln13_1                 | add       | dsp_slice | 3       |
|     mul_16s_16s_32_1_1_U26               | 1   |        | mul_ln14_6                 | mul       | auto      | 0       |
|     mul_32s_7s_34_1_1_U18                | 2   |        | mul_ln14_7                 | mul       | auto      | 0       |
|     add_ln14_4_fu_447_p2                 |     |        | add_ln14_4                 | add       | fabric    | 0       |
|     bias_out_net_sum_1_fu_536_p2         |     |        | bias_out_net_sum_1         | add       | fabric    | 0       |
|     mac_mulsub_16s_6ns_25s_25_4_1_U32    | 1   |        | mul_ln15_1                 | mul       | dsp_slice | 3       |
|     mac_mulsub_16s_6ns_25s_25_4_1_U32    | 1   |        | sext_ln15_1                | sext      | dsp_slice | 3       |
|     mac_mulsub_16s_6ns_25s_25_4_1_U32    | 1   |        | sub_ln15_1                 | sub       | dsp_slice | 3       |
|     icmp_ln12_1_fu_554_p2                |     |        | icmp_ln12_1                | setgt     | auto      | 0       |
|     output_2_fu_560_p3                   |     |        | output_2                   | select    | auto_sel  | 0       |
|     cmp_i_i_fu_202_p2                    |     |        | cmp_i_i                    | seteq     | auto      | 0       |
|     icmp_ln11_fu_208_p2                  |     |        | icmp_ln11                  | setgt     | auto      | 0       |
|     error_1_fu_496_p3                    |     |        | error_1                    | select    | auto_sel  | 0       |
|     icmp_ln11_1_fu_214_p2                |     |        | icmp_ln11_1                | setgt     | auto      | 0       |
|     error_3_fu_503_p3                    |     |        | error_3                    | select    | auto_sel  | 0       |
|     agg_result_delta_kmin1_0_0_fu_510_p3 |     |        | agg_result_delta_kmin1_0_0 | select    | auto_sel  | 0       |
|     agg_result_delta_kmin1_1_0_fu_517_p3 |     |        | agg_result_delta_kmin1_1_0 | select    | auto_sel  | 0       |
|  + accelerator_Pipeline_VITIS_LOOP_157_9 | 0   |        |                            |           |           |         |
|    icmp_ln157_fu_292_p2                  |     |        | icmp_ln157                 | seteq     | auto      | 0       |
|    add_ln157_fu_298_p2                   |     |        | add_ln157                  | add       | fabric    | 0       |
|    icmp_ln158_1_fu_340_p2                |     |        | icmp_ln158_1               | seteq     | auto      | 0       |
|    output_array_new_b1_fu_346_p3         |     |        | output_array_new_b1        | select    | auto_sel  | 0       |
|    icmp_ln158_fu_354_p2                  |     |        | icmp_ln158                 | seteq     | auto      | 0       |
|    output_array_new_b2_fu_360_p3         |     |        | output_array_new_b2        | select    | auto_sel  | 0       |
|    output_array_new_w1_fu_368_p3         |     |        | output_array_new_w1        | select    | auto_sel  | 0       |
|    output_array_new_w1_1_fu_376_p3       |     |        | output_array_new_w1_1      | select    | auto_sel  | 0       |
|    output_array_new_w2_fu_384_p3         |     |        | output_array_new_w2        | select    | auto_sel  | 0       |
|    output_array_new_w2_1_fu_392_p3       |     |        | output_array_new_w2_1      | select    | auto_sel  | 0       |
|    select_ln158_fu_400_p3                |     |        | select_ln158               | select    | auto_sel  | 0       |
|    select_ln158_1_fu_408_p3              |     |        | select_ln158_1             | select    | auto_sel  | 0       |
|    select_ln158_2_fu_416_p3              |     |        | select_ln158_2             | select    | auto_sel  | 0       |
|    select_ln158_3_fu_424_p3              |     |        | select_ln158_3             | select    | auto_sel  | 0       |
|    select_ln158_4_fu_432_p3              |     |        | select_ln158_4             | select    | auto_sel  | 0       |
|    select_ln158_5_fu_440_p3              |     |        | select_ln158_5             | select    | auto_sel  | 0       |
|    select_ln158_6_fu_448_p3              |     |        | select_ln158_6             | select    | auto_sel  | 0       |
|    select_ln158_7_fu_456_p3              |     |        | select_ln158_7             | select    | auto_sel  | 0       |
|    select_ln158_8_fu_464_p3              |     |        | select_ln158_8             | select    | auto_sel  | 0       |
|    select_ln158_9_fu_472_p3              |     |        | select_ln158_9             | select    | auto_sel  | 0       |
|    select_ln158_10_fu_480_p3             |     |        | select_ln158_10            | select    | auto_sel  | 0       |
|    select_ln158_11_fu_488_p3             |     |        | select_ln158_11            | select    | auto_sel  | 0       |
+------------------------------------------+-----+--------+----------------------------+-----------+-----------+---------+


================================================================
== Storage Report
================================================================
  No bind storage info in design

================================================================
== Pragma Report
================================================================
* Valid Pragma Syntax
+----------+---------+--------------------------------------+
| Type     | Options | Location                             |
+----------+---------+--------------------------------------+
| pipeline | II=85   | ../accelerator.cpp:66 in accelerator |
+----------+---------+--------------------------------------+


