Copyright 1986-2022 Xilinx, Inc. All Rights Reserved. Copyright 2022-2024 Advanced Micro Devices, Inc. All Rights Reserved.
---------------------------------------------------------------------------------------------------------------------------------------------
| Tool Version : Vivado v.2024.1 (win64) Build 5076996 Wed May 22 18:37:14 MDT 2024
| Date         : Tue Oct 29 09:45:07 2024
| Host         : RYN-B10-PC-13 running 64-bit major release  (build 9200)
| Command      : report_control_sets -verbose -file design_1_wrapper_control_sets_placed.rpt
| Design       : design_1_wrapper
| Device       : xczu3eg
---------------------------------------------------------------------------------------------------------------------------------------------

Control Set Information

Table of Contents
-----------------
1. Summary
2. Histogram
3. Flip-Flop Distribution
4. Detailed Control Set Information

1. Summary
----------

+----------------------------------------------------------+-------+
|                          Status                          | Count |
+----------------------------------------------------------+-------+
| Total control sets                                       |   126 |
|    Minimum number of control sets                        |   126 |
|    Addition due to synthesis replication                 |     0 |
|    Addition due to physical synthesis replication        |     0 |
| Unused register locations in slices containing registers |   112 |
+----------------------------------------------------------+-------+
* Control sets can be merged at opt_design using control_set_merge or merge_equivalent_drivers
** Run report_qor_suggestions for automated merging and remapping suggestions


2. Histogram
------------

+--------------------+-------+
|       Fanout       | Count |
+--------------------+-------+
| Total control sets |   126 |
| >= 0 to < 4        |     8 |
| >= 4 to < 6        |     9 |
| >= 6 to < 8        |    10 |
| >= 8 to < 10       |    11 |
| >= 10 to < 12      |     8 |
| >= 12 to < 14      |     4 |
| >= 14 to < 16      |    11 |
| >= 16              |    65 |
+--------------------+-------+
* Control sets can be remapped at either synth_design or opt_design


3. Flip-Flop Distribution
-------------------------

+--------------+-----------------------+------------------------+-----------------+--------------+
| Clock Enable | Synchronous Set/Reset | Asynchronous Set/Reset | Total Registers | Total Slices |
+--------------+-----------------------+------------------------+-----------------+--------------+
| No           | No                    | No                     |             131 |           52 |
| No           | No                    | Yes                    |              42 |           15 |
| No           | Yes                   | No                     |             247 |           58 |
| Yes          | No                    | No                     |            2654 |          446 |
| Yes          | No                    | Yes                    |              60 |           10 |
| Yes          | Yes                   | No                     |             834 |          188 |
+--------------+-----------------------+------------------------+-----------------+--------------+


4. Detailed Control Set Information
-----------------------------------

+--------------------------------------------+---------------------------------------------------------------------------------------------------------------------------------------------------------------------------------------------------------------------------------------------------------------------------------------+-----------------------------------------------------------------------------------------------------------------------------------------------------------------------------------------------------------------------------------+------------------+----------------+--------------+
|                Clock Signal                |                                                                                                                                     Enable Signal                                                                                                                                     |                                                                                                          Set/Reset Signal                                                                                                         | Slice Load Count | Bel Load Count | Bels / Slice |
+--------------------------------------------+---------------------------------------------------------------------------------------------------------------------------------------------------------------------------------------------------------------------------------------------------------------------------------------+-----------------------------------------------------------------------------------------------------------------------------------------------------------------------------------------------------------------------------------+------------------+----------------+--------------+
|  design_1_i/zynq_ultra_ps_e_0/inst/pl_clk0 | design_1_i/ps8_0_axi_periph/s00_couplers/auto_pc/inst/gen_axilite.gen_b2s_conv.axilite_b2s/RD.r_channel_0/r_push_r                                                                                                                                                                    |                                                                                                                                                                                                                                   |                1 |              1 |         1.00 |
|  design_1_i/zynq_ultra_ps_e_0/inst/pl_clk0 |                                                                                                                                                                                                                                                                                       | design_1_i/accelerator_0/inst/grp_accelerator_Pipeline_VITIS_LOOP_55_1_fu_402/ap_enable_reg_pp0_iter2                                                                                                                             |                1 |              2 |         2.00 |
|  design_1_i/zynq_ultra_ps_e_0/inst/pl_clk0 | design_1_i/accelerator_0/inst/grp_accelerator_Pipeline_VITIS_LOOP_55_1_fu_402/n_fu_88[1]_i_2_n_3                                                                                                                                                                                      | design_1_i/accelerator_0/inst/grp_accelerator_Pipeline_VITIS_LOOP_55_1_fu_402/flow_control_loop_pipe_sequential_init_U/ap_loop_init_int_reg_0[0]                                                                                  |                1 |              2 |         2.00 |
|  design_1_i/zynq_ultra_ps_e_0/inst/pl_clk0 | design_1_i/accelerator_0/inst/grp_accelerator_Pipeline_VITIS_LOOP_165_9_fu_485/flow_control_loop_pipe_sequential_init_U/E[0]                                                                                                                                                          |                                                                                                                                                                                                                                   |                1 |              2 |         2.00 |
|  design_1_i/zynq_ultra_ps_e_0/inst/pl_clk0 | design_1_i/accelerator_0/inst/control_s_axi_U/int_ier10_out                                                                                                                                                                                                                           | design_1_i/rst_ps8_0_99M/U0/peripheral_aresetn[0]                                                                                                                                                                                 |                1 |              2 |         2.00 |
|  design_1_i/zynq_ultra_ps_e_0/inst/pl_clk0 | design_1_i/ps8_0_axi_periph/s00_couplers/auto_pc/inst/gen_axilite.gen_b2s_conv.axilite_b2s/SI_REG/b.b_pipe/p_1_in                                                                                                                                                                     |                                                                                                                                                                                                                                   |                1 |              2 |         2.00 |
|  design_1_i/zynq_ultra_ps_e_0/inst/pl_clk0 | design_1_i/ps8_0_axi_periph/s00_couplers/auto_pc/inst/gen_axilite.gen_b2s_conv.axilite_b2s/WR.b_channel_0/bid_fifo_0/cnt_read[1]_i_1_n_0                                                                                                                                              | design_1_i/ps8_0_axi_periph/s00_couplers/auto_pc/inst/gen_axilite.gen_b2s_conv.axilite_b2s/areset_d1                                                                                                                              |                1 |              2 |         2.00 |
|  design_1_i/zynq_ultra_ps_e_0/inst/pl_clk0 | design_1_i/ps8_0_axi_periph/s00_couplers/auto_pc/inst/gen_axilite.gen_b2s_conv.axilite_b2s/WR.b_channel_0/bid_fifo_0/E[0]                                                                                                                                                             | design_1_i/ps8_0_axi_periph/s00_couplers/auto_pc/inst/gen_axilite.gen_b2s_conv.axilite_b2s/areset_d1                                                                                                                              |                1 |              2 |         2.00 |
|  design_1_i/zynq_ultra_ps_e_0/inst/pl_clk0 |                                                                                                                                                                                                                                                                                       | design_1_i/rst_ps8_0_99M/U0/EXT_LPF/lpf_int                                                                                                                                                                                       |                1 |              4 |         4.00 |
|  design_1_i/zynq_ultra_ps_e_0/inst/pl_clk0 |                                                                                                                                                                                                                                                                                       | design_1_i/ps8_0_axi_periph/s00_couplers/auto_pc/inst/gen_axilite.gen_b2s_conv.axilite_b2s/SI_REG/aw.aw_pipe/aresetn_d_reg_n_0_[0]                                                                                                |                2 |              4 |         2.00 |
|  design_1_i/zynq_ultra_ps_e_0/inst/pl_clk0 |                                                                                                                                                                                                                                                                                       | design_1_i/ps8_0_axi_periph/s00_couplers/auto_pc/inst/gen_axilite.gen_b2s_conv.axilite_b2s/SI_REG/aw.aw_pipe/aresetn_d_reg_n_0_[1]                                                                                                |                2 |              4 |         2.00 |
|  design_1_i/zynq_ultra_ps_e_0/inst/pl_clk0 | design_1_i/accelerator_0/inst/grp_accelerator_Pipeline_VITIS_LOOP_73_3_fu_434/ap_NS_fsm124_out                                                                                                                                                                                        |                                                                                                                                                                                                                                   |                3 |              4 |         1.33 |
|  design_1_i/zynq_ultra_ps_e_0/inst/pl_clk0 | design_1_i/accelerator_0/inst/control_s_axi_U/aw_hs                                                                                                                                                                                                                                   |                                                                                                                                                                                                                                   |                3 |              5 |         1.67 |
|  design_1_i/zynq_ultra_ps_e_0/inst/pl_clk0 | design_1_i/ps8_0_axi_periph/s00_couplers/auto_pc/inst/gen_axilite.gen_b2s_conv.axilite_b2s/RD.r_channel_0/transaction_fifo_0/cnt_read[4]_i_1__0_n_0                                                                                                                                   | design_1_i/ps8_0_axi_periph/s00_couplers/auto_pc/inst/gen_axilite.gen_b2s_conv.axilite_b2s/areset_d1                                                                                                                              |                3 |              5 |         1.67 |
|  design_1_i/zynq_ultra_ps_e_0/inst/pl_clk0 | design_1_i/ps8_0_axi_periph/s00_couplers/auto_pc/inst/gen_axilite.gen_b2s_conv.axilite_b2s/RD.r_channel_0/rd_data_fifo_0/cnt_read[4]_i_1_n_0                                                                                                                                          | design_1_i/ps8_0_axi_periph/s00_couplers/auto_pc/inst/gen_axilite.gen_b2s_conv.axilite_b2s/areset_d1                                                                                                                              |                1 |              5 |         5.00 |
|  design_1_i/zynq_ultra_ps_e_0/inst/pl_clk0 | design_1_i/ps8_0_axi_periph/s00_couplers/auto_ds/inst/gen_downsizer.gen_simple_downsizer.axi_downsizer_inst/USE_WRITE.write_addr_inst/USE_B_CHANNEL.cmd_b_queue/inst/fifo_gen_inst/inst_fifo_gen/gconvfifo.rf/grf.rf/gntv_or_sync_fifo.gl0.rd/gr1.gr1_int.rfwft/E[0]                  |                                                                                                                                                                                                                                   |                1 |              5 |         5.00 |
|  design_1_i/zynq_ultra_ps_e_0/inst/pl_clk0 | design_1_i/ps8_0_axi_periph/s00_couplers/auto_ds/inst/gen_downsizer.gen_simple_downsizer.axi_downsizer_inst/USE_WRITE.write_addr_inst/USE_B_CHANNEL.cmd_b_queue/inst/fifo_gen_inst/inst_fifo_gen/gconvfifo.rf/grf.rf/rstblk/gpregsm1.curr_fwft_state_reg[0][0]                        |                                                                                                                                                                                                                                   |                3 |              5 |         1.67 |
|  design_1_i/zynq_ultra_ps_e_0/inst/pl_clk0 | design_1_i/ps8_0_axi_periph/s00_couplers/auto_ds/inst/gen_downsizer.gen_simple_downsizer.axi_downsizer_inst/USE_READ.read_addr_inst/cmd_queue/inst/cmd_push_block_reg_0[0]                                                                                                            | design_1_i/rst_ps8_0_99M/U0/peripheral_aresetn[0]                                                                                                                                                                                 |                1 |              6 |         6.00 |
|  design_1_i/zynq_ultra_ps_e_0/inst/pl_clk0 |                                                                                                                                                                                                                                                                                       | design_1_i/ps8_0_axi_periph/s00_couplers/auto_pc/inst/gen_axilite.gen_b2s_conv.axilite_b2s/areset_d1                                                                                                                              |                4 |              6 |         1.50 |
|  design_1_i/zynq_ultra_ps_e_0/inst/pl_clk0 | design_1_i/rst_ps8_0_99M/U0/SEQ/seq_cnt_en                                                                                                                                                                                                                                            | design_1_i/rst_ps8_0_99M/U0/SEQ/seq_clr                                                                                                                                                                                           |                1 |              6 |         6.00 |
|  design_1_i/zynq_ultra_ps_e_0/inst/pl_clk0 | design_1_i/ps8_0_axi_periph/s00_couplers/auto_ds/inst/gen_downsizer.gen_simple_downsizer.axi_downsizer_inst/USE_READ.read_addr_inst/cmd_queue/inst/m_axi_arready_1[0]                                                                                                                 | design_1_i/rst_ps8_0_99M/U0/peripheral_aresetn[0]                                                                                                                                                                                 |                6 |              6 |         1.00 |
|  design_1_i/zynq_ultra_ps_e_0/inst/pl_clk0 | design_1_i/ps8_0_axi_periph/s00_couplers/auto_ds/inst/gen_downsizer.gen_simple_downsizer.axi_downsizer_inst/USE_WRITE.write_addr_inst/cmd_queue/inst/m_axi_awready_0[0]                                                                                                               | design_1_i/rst_ps8_0_99M/U0/peripheral_aresetn[0]                                                                                                                                                                                 |                5 |              6 |         1.20 |
|  design_1_i/zynq_ultra_ps_e_0/inst/pl_clk0 | design_1_i/ps8_0_axi_periph/s00_couplers/auto_ds/inst/gen_downsizer.gen_simple_downsizer.axi_downsizer_inst/USE_WRITE.write_addr_inst/cmd_queue/inst/cmd_b_push_block_reg_0[0]                                                                                                        | design_1_i/rst_ps8_0_99M/U0/peripheral_aresetn[0]                                                                                                                                                                                 |                2 |              6 |         3.00 |
|  design_1_i/zynq_ultra_ps_e_0/inst/pl_clk0 | design_1_i/ps8_0_axi_periph/s00_couplers/auto_pc/inst/gen_axilite.gen_b2s_conv.axilite_b2s/RD.ar_channel_0/ar_cmd_fsm_0/E[0]                                                                                                                                                          |                                                                                                                                                                                                                                   |                4 |              7 |         1.75 |
|  design_1_i/zynq_ultra_ps_e_0/inst/pl_clk0 | design_1_i/ps8_0_axi_periph/s00_couplers/auto_pc/inst/gen_axilite.gen_b2s_conv.axilite_b2s/WR.aw_channel_0/cmd_translator_0/incr_cmd_0/axaddr_incr[11]_i_1_n_0                                                                                                                        |                                                                                                                                                                                                                                   |                3 |              7 |         2.33 |
|  design_1_i/zynq_ultra_ps_e_0/inst/pl_clk0 | design_1_i/ps8_0_axi_periph/s00_couplers/auto_pc/inst/gen_axilite.gen_b2s_conv.axilite_b2s/WR.aw_channel_0/aw_cmd_fsm_0/E[0]                                                                                                                                                          |                                                                                                                                                                                                                                   |                4 |              7 |         1.75 |
|  design_1_i/zynq_ultra_ps_e_0/inst/pl_clk0 | design_1_i/ps8_0_axi_periph/s00_couplers/auto_pc/inst/gen_axilite.gen_b2s_conv.axilite_b2s/RD.ar_channel_0/ar_cmd_fsm_0/sel_first_reg[0]                                                                                                                                              |                                                                                                                                                                                                                                   |                3 |              7 |         2.33 |
|  design_1_i/zynq_ultra_ps_e_0/inst/pl_clk0 | design_1_i/ps8_0_axi_periph/s00_couplers/auto_pc/inst/gen_axilite.gen_b2s_conv.axilite_b2s/WR.aw_channel_0/aw_cmd_fsm_0/b_push                                                                                                                                                        |                                                                                                                                                                                                                                   |                1 |              8 |         8.00 |
|  design_1_i/zynq_ultra_ps_e_0/inst/pl_clk0 | design_1_i/accelerator_0/inst/grp_accelerator_Pipeline_VITIS_LOOP_73_3_fu_434/ap_CS_fsm_state146                                                                                                                                                                                      |                                                                                                                                                                                                                                   |                2 |              8 |         4.00 |
|  design_1_i/zynq_ultra_ps_e_0/inst/pl_clk0 | design_1_i/ps8_0_axi_periph/s00_couplers/auto_ds/inst/gen_downsizer.gen_simple_downsizer.axi_downsizer_inst/USE_WRITE.write_addr_inst/cmd_queue/inst/m_axi_awready_0[0]                                                                                                               | design_1_i/ps8_0_axi_periph/s00_couplers/auto_ds/inst/gen_downsizer.gen_simple_downsizer.axi_downsizer_inst/USE_WRITE.write_addr_inst/pushed_commands[7]_i_1_n_0                                                                  |                2 |              8 |         4.00 |
|  design_1_i/zynq_ultra_ps_e_0/inst/pl_clk0 | design_1_i/ps8_0_axi_periph/s00_couplers/auto_pc/inst/gen_axilite.gen_b2s_conv.axilite_b2s/WR.b_channel_0/mhandshake_r                                                                                                                                                                | design_1_i/ps8_0_axi_periph/s00_couplers/auto_pc/inst/gen_axilite.gen_b2s_conv.axilite_b2s/WR.b_channel_0/bid_fifo_0/SR[0]                                                                                                        |                2 |              8 |         4.00 |
|  design_1_i/zynq_ultra_ps_e_0/inst/pl_clk0 | design_1_i/ps8_0_axi_periph/s00_couplers/auto_ds/inst/gen_downsizer.gen_simple_downsizer.axi_downsizer_inst/USE_READ.read_addr_inst/cmd_queue/inst/m_axi_arready_1[0]                                                                                                                 | design_1_i/ps8_0_axi_periph/s00_couplers/auto_ds/inst/gen_downsizer.gen_simple_downsizer.axi_downsizer_inst/USE_READ.read_addr_inst/pushed_commands[7]_i_1__0_n_0                                                                 |                2 |              8 |         4.00 |
|  design_1_i/zynq_ultra_ps_e_0/inst/pl_clk0 | design_1_i/accelerator_0/inst/grp_accelerator_Pipeline_VITIS_LOOP_73_3_fu_434/ap_CS_fsm_state128                                                                                                                                                                                      |                                                                                                                                                                                                                                   |                3 |              8 |         2.67 |
|  design_1_i/zynq_ultra_ps_e_0/inst/pl_clk0 | design_1_i/accelerator_0/inst/grp_accelerator_Pipeline_VITIS_LOOP_73_3_fu_434/ap_CS_fsm_state92                                                                                                                                                                                       |                                                                                                                                                                                                                                   |                3 |              8 |         2.67 |
|  design_1_i/zynq_ultra_ps_e_0/inst/pl_clk0 | design_1_i/accelerator_0/inst/grp_accelerator_Pipeline_VITIS_LOOP_73_3_fu_434/ap_CS_fsm_state20                                                                                                                                                                                       |                                                                                                                                                                                                                                   |                3 |              8 |         2.67 |
|  design_1_i/zynq_ultra_ps_e_0/inst/pl_clk0 | design_1_i/accelerator_0/inst/grp_accelerator_Pipeline_VITIS_LOOP_73_3_fu_434/ap_CS_fsm_state56                                                                                                                                                                                       |                                                                                                                                                                                                                                   |                2 |              8 |         4.00 |
|  design_1_i/zynq_ultra_ps_e_0/inst/pl_clk0 | design_1_i/ps8_0_axi_periph/s00_couplers/auto_ds/inst/gen_downsizer.gen_simple_downsizer.axi_downsizer_inst/USE_WRITE.write_addr_inst/USE_B_CHANNEL.cmd_b_queue/inst/fifo_gen_inst/inst_fifo_gen/gconvfifo.rf/grf.rf/gntv_or_sync_fifo.gl0.wr/gwss.wsts/E[0]                          |                                                                                                                                                                                                                                   |                1 |              8 |         8.00 |
|  design_1_i/zynq_ultra_ps_e_0/inst/pl_clk0 | design_1_i/accelerator_0/inst/grp_accelerator_Pipeline_VITIS_LOOP_73_3_fu_434/ap_NS_fsm124_out                                                                                                                                                                                        | design_1_i/accelerator_0/inst/grp_accelerator_Pipeline_VITIS_LOOP_73_3_fu_434/ap_NS_fsm125_out                                                                                                                                    |                2 |              9 |         4.50 |
|  design_1_i/zynq_ultra_ps_e_0/inst/pl_clk0 | design_1_i/ps8_0_axi_periph/s00_couplers/auto_ds/inst/gen_downsizer.gen_simple_downsizer.axi_downsizer_inst/USE_READ.read_addr_inst/cmd_queue/inst/fifo_gen_inst/inst_fifo_gen/gconvfifo.rf/grf.rf/gntv_or_sync_fifo.gl0.rd/gr1.gr1_int.rfwft/ram_empty_fb_i_reg[0]                   | design_1_i/ps8_0_axi_periph/s00_couplers/auto_ds/inst/gen_downsizer.gen_simple_downsizer.axi_downsizer_inst/USE_READ.read_addr_inst/cmd_queue/inst/fifo_gen_inst/inst_fifo_gen/gconvfifo.rf/grf.rf/rstblk/AR[0]                   |                2 |             10 |         5.00 |
|  design_1_i/zynq_ultra_ps_e_0/inst/pl_clk0 | design_1_i/ps8_0_axi_periph/s00_couplers/auto_ds/inst/gen_downsizer.gen_simple_downsizer.axi_downsizer_inst/USE_WRITE.write_addr_inst/USE_B_CHANNEL.cmd_b_queue/inst/fifo_gen_inst/inst_fifo_gen/gconvfifo.rf/grf.rf/gntv_or_sync_fifo.gl0.wr/gwss.wsts/E[0]                          | design_1_i/ps8_0_axi_periph/s00_couplers/auto_ds/inst/gen_downsizer.gen_simple_downsizer.axi_downsizer_inst/USE_WRITE.write_addr_inst/USE_B_CHANNEL.cmd_b_queue/inst/fifo_gen_inst/inst_fifo_gen/gconvfifo.rf/grf.rf/rstblk/AR[0] |                1 |             10 |        10.00 |
|  design_1_i/zynq_ultra_ps_e_0/inst/pl_clk0 | design_1_i/ps8_0_axi_periph/s00_couplers/auto_ds/inst/gen_downsizer.gen_simple_downsizer.axi_downsizer_inst/USE_WRITE.write_addr_inst/cmd_queue/inst/fifo_gen_inst/inst_fifo_gen/gconvfifo.rf/grf.rf/gntv_or_sync_fifo.gl0.rd/gr1.gr1_int.rfwft/ram_empty_fb_i_reg[0]                 | design_1_i/ps8_0_axi_periph/s00_couplers/auto_ds/inst/gen_downsizer.gen_simple_downsizer.axi_downsizer_inst/USE_WRITE.write_addr_inst/cmd_queue/inst/fifo_gen_inst/inst_fifo_gen/gconvfifo.rf/grf.rf/rstblk/AR[0]                 |                1 |             10 |        10.00 |
|  design_1_i/zynq_ultra_ps_e_0/inst/pl_clk0 | design_1_i/ps8_0_axi_periph/s00_couplers/auto_ds/inst/gen_downsizer.gen_simple_downsizer.axi_downsizer_inst/USE_WRITE.write_addr_inst/USE_B_CHANNEL.cmd_b_queue/inst/fifo_gen_inst/inst_fifo_gen/gconvfifo.rf/grf.rf/gntv_or_sync_fifo.gl0.rd/gr1.gr1_int.rfwft/ram_empty_fb_i_reg[0] | design_1_i/ps8_0_axi_periph/s00_couplers/auto_ds/inst/gen_downsizer.gen_simple_downsizer.axi_downsizer_inst/USE_WRITE.write_addr_inst/USE_B_CHANNEL.cmd_b_queue/inst/fifo_gen_inst/inst_fifo_gen/gconvfifo.rf/grf.rf/rstblk/AR[0] |                2 |             10 |         5.00 |
|  design_1_i/zynq_ultra_ps_e_0/inst/pl_clk0 | design_1_i/accelerator_0/inst/grp_accelerator_Pipeline_VITIS_LOOP_73_3_fu_434/ap_CS_fsm_state2                                                                                                                                                                                        |                                                                                                                                                                                                                                   |                3 |             10 |         3.33 |
|  design_1_i/zynq_ultra_ps_e_0/inst/pl_clk0 | design_1_i/ps8_0_axi_periph/s00_couplers/auto_ds/inst/gen_downsizer.gen_simple_downsizer.axi_downsizer_inst/USE_READ.read_addr_inst/cmd_queue/inst/fifo_gen_inst/inst_fifo_gen/gconvfifo.rf/grf.rf/gntv_or_sync_fifo.gl0.wr/gwss.wsts/E[0]                                            | design_1_i/ps8_0_axi_periph/s00_couplers/auto_ds/inst/gen_downsizer.gen_simple_downsizer.axi_downsizer_inst/USE_READ.read_addr_inst/cmd_queue/inst/fifo_gen_inst/inst_fifo_gen/gconvfifo.rf/grf.rf/rstblk/AR[0]                   |                2 |             10 |         5.00 |
|  design_1_i/zynq_ultra_ps_e_0/inst/pl_clk0 | design_1_i/ps8_0_axi_periph/s00_couplers/auto_ds/inst/gen_downsizer.gen_simple_downsizer.axi_downsizer_inst/USE_WRITE.write_addr_inst/cmd_queue/inst/fifo_gen_inst/inst_fifo_gen/gconvfifo.rf/grf.rf/gntv_or_sync_fifo.gl0.wr/gwss.wsts/E[0]                                          | design_1_i/ps8_0_axi_periph/s00_couplers/auto_ds/inst/gen_downsizer.gen_simple_downsizer.axi_downsizer_inst/USE_WRITE.write_addr_inst/cmd_queue/inst/fifo_gen_inst/inst_fifo_gen/gconvfifo.rf/grf.rf/rstblk/AR[0]                 |                2 |             10 |         5.00 |
|  design_1_i/zynq_ultra_ps_e_0/inst/pl_clk0 | design_1_i/ps8_0_axi_periph/s00_couplers/auto_ds/inst/gen_downsizer.gen_simple_downsizer.axi_downsizer_inst/USE_WRITE.USE_SPLIT.write_resp_inst/p_1_in                                                                                                                                | design_1_i/rst_ps8_0_99M/U0/peripheral_aresetn[0]                                                                                                                                                                                 |                3 |             11 |         3.67 |
|  design_1_i/zynq_ultra_ps_e_0/inst/pl_clk0 | design_1_i/ps8_0_axi_periph/s00_couplers/auto_ds/inst/gen_downsizer.gen_simple_downsizer.axi_downsizer_inst/USE_WRITE.write_addr_inst/cmd_queue/inst/s_axi_wvalid_0[0]                                                                                                                | design_1_i/rst_ps8_0_99M/U0/peripheral_aresetn[0]                                                                                                                                                                                 |                4 |             12 |         3.00 |
|  design_1_i/zynq_ultra_ps_e_0/inst/pl_clk0 |                                                                                                                                                                                                                                                                                       | design_1_i/ps8_0_axi_periph/s00_couplers/auto_ds/inst/gen_downsizer.gen_simple_downsizer.axi_downsizer_inst/USE_WRITE.write_addr_inst/cmd_queue/inst/fifo_gen_inst/inst_fifo_gen/gconvfifo.rf/grf.rf/rstblk/AR[0]                 |                4 |             12 |         3.00 |
|  design_1_i/zynq_ultra_ps_e_0/inst/pl_clk0 |                                                                                                                                                                                                                                                                                       | design_1_i/ps8_0_axi_periph/s00_couplers/auto_ds/inst/gen_downsizer.gen_simple_downsizer.axi_downsizer_inst/USE_WRITE.write_addr_inst/USE_B_CHANNEL.cmd_b_queue/inst/fifo_gen_inst/inst_fifo_gen/gconvfifo.rf/grf.rf/rstblk/AR[0] |                3 |             12 |         4.00 |
|  design_1_i/zynq_ultra_ps_e_0/inst/pl_clk0 |                                                                                                                                                                                                                                                                                       | design_1_i/ps8_0_axi_periph/s00_couplers/auto_ds/inst/gen_downsizer.gen_simple_downsizer.axi_downsizer_inst/USE_READ.read_addr_inst/cmd_queue/inst/fifo_gen_inst/inst_fifo_gen/gconvfifo.rf/grf.rf/rstblk/AR[0]                   |                5 |             12 |         2.40 |
|  design_1_i/zynq_ultra_ps_e_0/inst/pl_clk0 | design_1_i/accelerator_0/inst/grp_accelerator_Pipeline_VITIS_LOOP_73_3_fu_434/grp_model_array_fu_596/ap_CS_fsm_state1                                                                                                                                                                 | design_1_i/accelerator_0/inst/grp_accelerator_Pipeline_VITIS_LOOP_73_3_fu_434/grp_model_array_fu_596/output_kmin1_0_0_val_read_reg_677[14]_i_1_n_3                                                                                |                3 |             14 |         4.67 |
|  design_1_i/zynq_ultra_ps_e_0/inst/pl_clk0 | design_1_i/accelerator_0/inst/grp_accelerator_Pipeline_VITIS_LOOP_73_3_fu_434/grp_model_array_fu_596/mac_mulsub_16s_6ns_25s_25_4_1_U33/accelerator_mac_mulsub_16s_6ns_25s_25_4_1_DSP48_0_U/ce2                                                                                        | design_1_i/accelerator_0/inst/grp_accelerator_Pipeline_VITIS_LOOP_73_3_fu_434/grp_model_array_fu_596/ap_port_reg_output_kmin1_0_1_val[14]_i_1_n_3                                                                                 |                3 |             14 |         4.67 |
|  design_1_i/zynq_ultra_ps_e_0/inst/pl_clk0 | design_1_i/ps8_0_axi_periph/s00_couplers/auto_ds/inst/gen_downsizer.gen_simple_downsizer.axi_downsizer_inst/USE_READ.read_addr_inst/cmd_queue/inst/empty_fwft_i_reg[0]                                                                                                                | design_1_i/rst_ps8_0_99M/U0/peripheral_aresetn[0]                                                                                                                                                                                 |                6 |             14 |         2.33 |
|  design_1_i/zynq_ultra_ps_e_0/inst/pl_clk0 | design_1_i/accelerator_0/inst/grp_accelerator_Pipeline_VITIS_LOOP_73_3_fu_434/ap_CS_fsm_state21                                                                                                                                                                                       |                                                                                                                                                                                                                                   |                8 |             15 |         1.88 |
|  design_1_i/zynq_ultra_ps_e_0/inst/pl_clk0 | design_1_i/accelerator_0/inst/grp_accelerator_Pipeline_VITIS_LOOP_73_3_fu_434/ap_CS_fsm_state129                                                                                                                                                                                      |                                                                                                                                                                                                                                   |                7 |             15 |         2.14 |
|  design_1_i/zynq_ultra_ps_e_0/inst/pl_clk0 | design_1_i/accelerator_0/inst/grp_accelerator_Pipeline_VITIS_LOOP_73_3_fu_434/ap_CS_fsm_state128                                                                                                                                                                                      | design_1_i/accelerator_0/inst/grp_accelerator_Pipeline_VITIS_LOOP_73_3_fu_434/grp_model_array_fu_596/ap_CS_fsm_reg[127]                                                                                                           |                5 |             15 |         3.00 |
|  design_1_i/zynq_ultra_ps_e_0/inst/pl_clk0 | design_1_i/accelerator_0/inst/grp_accelerator_Pipeline_VITIS_LOOP_73_3_fu_434/reg_8020                                                                                                                                                                                                |                                                                                                                                                                                                                                   |                3 |             15 |         5.00 |
|  design_1_i/zynq_ultra_ps_e_0/inst/pl_clk0 | design_1_i/accelerator_0/inst/grp_accelerator_Pipeline_VITIS_LOOP_73_3_fu_434/ap_CS_fsm_state20                                                                                                                                                                                       | design_1_i/accelerator_0/inst/grp_accelerator_Pipeline_VITIS_LOOP_73_3_fu_434/grp_model_array_fu_596/ap_CS_fsm_reg[19]                                                                                                            |                6 |             15 |         2.50 |
|  design_1_i/zynq_ultra_ps_e_0/inst/pl_clk0 | design_1_i/accelerator_0/inst/grp_accelerator_Pipeline_VITIS_LOOP_73_3_fu_434/reg_7160                                                                                                                                                                                                |                                                                                                                                                                                                                                   |                4 |             15 |         3.75 |
|  design_1_i/zynq_ultra_ps_e_0/inst/pl_clk0 | design_1_i/accelerator_0/inst/grp_accelerator_Pipeline_VITIS_LOOP_73_3_fu_434/grp_model_array_fu_596/ap_CS_fsm_state8                                                                                                                                                                 | design_1_i/accelerator_0/inst/grp_accelerator_Pipeline_VITIS_LOOP_73_3_fu_434/grp_model_array_fu_596/mac_muladd_16s_16s_25ns_25_4_1_U37/accelerator_mac_muladd_16s_16s_25ns_25_4_1_DSP48_0_U/SR[0]                                |                2 |             15 |         7.50 |
|  design_1_i/zynq_ultra_ps_e_0/inst/pl_clk0 | design_1_i/accelerator_0/inst/grp_accelerator_Pipeline_VITIS_LOOP_73_3_fu_434/grp_model_array_fu_596/ap_CS_fsm_state5                                                                                                                                                                 | design_1_i/accelerator_0/inst/grp_accelerator_Pipeline_VITIS_LOOP_73_3_fu_434/grp_model_array_fu_596/mac_muladd_16s_16s_25ns_25_4_1_U34/accelerator_mac_muladd_16s_16s_25ns_25_4_1_DSP48_0_U/SR[0]                                |                2 |             15 |         7.50 |
|  design_1_i/zynq_ultra_ps_e_0/inst/pl_clk0 | design_1_i/accelerator_0/inst/grp_accelerator_Pipeline_VITIS_LOOP_73_3_fu_434/ap_CS_fsm_state93                                                                                                                                                                                       |                                                                                                                                                                                                                                   |                9 |             16 |         1.78 |
|  design_1_i/zynq_ultra_ps_e_0/inst/pl_clk0 | design_1_i/accelerator_0/inst/grp_accelerator_Pipeline_VITIS_LOOP_73_3_fu_434/ap_CS_fsm_state57                                                                                                                                                                                       |                                                                                                                                                                                                                                   |               10 |             16 |         1.60 |
|  design_1_i/zynq_ultra_ps_e_0/inst/pl_clk0 | design_1_i/accelerator_0/inst/grp_accelerator_Pipeline_VITIS_LOOP_73_3_fu_434/grp_model_array_fu_596/ap_CS_fsm_state7                                                                                                                                                                 |                                                                                                                                                                                                                                   |                2 |             16 |         8.00 |
|  design_1_i/zynq_ultra_ps_e_0/inst/pl_clk0 | design_1_i/ps8_0_axi_periph/s00_couplers/auto_ds/inst/gen_downsizer.gen_simple_downsizer.axi_downsizer_inst/USE_READ.read_addr_inst/cmd_queue/inst/E[0]                                                                                                                               | design_1_i/rst_ps8_0_99M/U0/peripheral_aresetn[0]                                                                                                                                                                                 |                2 |             16 |         8.00 |
|  design_1_i/zynq_ultra_ps_e_0/inst/pl_clk0 | design_1_i/ps8_0_axi_periph/s00_couplers/auto_ds/inst/gen_downsizer.gen_simple_downsizer.axi_downsizer_inst/USE_WRITE.write_addr_inst/cmd_queue/inst/E[0]                                                                                                                             | design_1_i/rst_ps8_0_99M/U0/peripheral_aresetn[0]                                                                                                                                                                                 |                2 |             16 |         8.00 |
|  design_1_i/zynq_ultra_ps_e_0/inst/pl_clk0 | design_1_i/accelerator_0/inst/control_s_axi_U/int_training[15]_i_1_n_3                                                                                                                                                                                                                | design_1_i/rst_ps8_0_99M/U0/peripheral_aresetn[0]                                                                                                                                                                                 |                2 |             16 |         8.00 |
|  design_1_i/zynq_ultra_ps_e_0/inst/pl_clk0 | design_1_i/accelerator_0/inst/grp_accelerator_Pipeline_VITIS_LOOP_73_3_fu_434/grp_model_array_fu_596/mac_mulsub_16s_6ns_25s_25_4_1_U33/accelerator_mac_mulsub_16s_6ns_25s_25_4_1_DSP48_0_U/ce2                                                                                        | design_1_i/accelerator_0/inst/grp_accelerator_Pipeline_VITIS_LOOP_73_3_fu_434/grp_model_array_fu_596/ap_port_reg_delta_k_0_1_val[15]_i_1_n_3                                                                                      |                3 |             16 |         5.33 |
|  design_1_i/zynq_ultra_ps_e_0/inst/pl_clk0 | design_1_i/accelerator_0/inst/ap_CS_fsm_state5                                                                                                                                                                                                                                        |                                                                                                                                                                                                                                   |                4 |             16 |         4.00 |
|  design_1_i/zynq_ultra_ps_e_0/inst/pl_clk0 | design_1_i/accelerator_0/inst/grp_accelerator_Pipeline_VITIS_LOOP_73_3_fu_434/grp_model_array_fu_596/ap_CS_fsm_state1                                                                                                                                                                 |                                                                                                                                                                                                                                   |               12 |             17 |         1.42 |
|  design_1_i/zynq_ultra_ps_e_0/inst/pl_clk0 | design_1_i/accelerator_0/inst/grp_accelerator_Pipeline_VITIS_LOOP_73_3_fu_434/grp_model_array_fu_596/ap_CS_fsm_state2                                                                                                                                                                 |                                                                                                                                                                                                                                   |               14 |             18 |         1.29 |
|  design_1_i/zynq_ultra_ps_e_0/inst/pl_clk0 | design_1_i/ps8_0_axi_periph/s00_couplers/auto_pc/inst/gen_axilite.gen_b2s_conv.axilite_b2s/RD.ar_channel_0/ar_cmd_fsm_0/m_valid_i_reg_0[0]                                                                                                                                            |                                                                                                                                                                                                                                   |                5 |             19 |         3.80 |
|  design_1_i/zynq_ultra_ps_e_0/inst/pl_clk0 | design_1_i/ps8_0_axi_periph/s00_couplers/auto_pc/inst/gen_axilite.gen_b2s_conv.axilite_b2s/SI_REG/ar.ar_pipe/s_ready_i_reg_0                                                                                                                                                          |                                                                                                                                                                                                                                   |                5 |             19 |         3.80 |
|  design_1_i/zynq_ultra_ps_e_0/inst/pl_clk0 | design_1_i/ps8_0_axi_periph/s00_couplers/auto_pc/inst/gen_axilite.gen_b2s_conv.axilite_b2s/SI_REG/aw.aw_pipe/s_ready_i_reg_0                                                                                                                                                          |                                                                                                                                                                                                                                   |                6 |             19 |         3.17 |
|  design_1_i/zynq_ultra_ps_e_0/inst/pl_clk0 | design_1_i/ps8_0_axi_periph/s00_couplers/auto_pc/inst/gen_axilite.gen_b2s_conv.axilite_b2s/WR.aw_channel_0/aw_cmd_fsm_0/FSM_sequential_state_reg[1]_0[0]                                                                                                                              |                                                                                                                                                                                                                                   |                8 |             19 |         2.38 |
|  design_1_i/zynq_ultra_ps_e_0/inst/pl_clk0 | design_1_i/ps8_0_axi_periph/s00_couplers/auto_pc/inst/gen_axilite.gen_b2s_conv.axilite_b2s/WR.aw_channel_0/aw_cmd_fsm_0/m_valid_i_reg[0]                                                                                                                                              |                                                                                                                                                                                                                                   |                6 |             19 |         3.17 |
|  design_1_i/zynq_ultra_ps_e_0/inst/pl_clk0 | design_1_i/ps8_0_axi_periph/s00_couplers/auto_pc/inst/gen_axilite.gen_b2s_conv.axilite_b2s/RD.ar_channel_0/ar_cmd_fsm_0/m_valid_i_reg[0]                                                                                                                                              |                                                                                                                                                                                                                                   |                8 |             20 |         2.50 |
|  design_1_i/zynq_ultra_ps_e_0/inst/pl_clk0 | design_1_i/ps8_0_axi_periph/s00_couplers/auto_ds/inst/gen_downsizer.gen_simple_downsizer.axi_downsizer_inst/USE_WRITE.write_addr_inst/cmd_queue/inst/fifo_gen_inst/inst_fifo_gen/gconvfifo.rf/grf.rf/rstblk/E[0]                                                                      |                                                                                                                                                                                                                                   |                3 |             25 |         8.33 |
|  design_1_i/zynq_ultra_ps_e_0/inst/pl_clk0 | design_1_i/ps8_0_axi_periph/s00_couplers/auto_ds/inst/gen_downsizer.gen_simple_downsizer.axi_downsizer_inst/USE_WRITE.write_addr_inst/cmd_queue/inst/fifo_gen_inst/inst_fifo_gen/gconvfifo.rf/grf.rf/gntv_or_sync_fifo.gl0.rd/gr1.gr1_int.rfwft/E[0]                                  |                                                                                                                                                                                                                                   |                2 |             25 |        12.50 |
|  design_1_i/zynq_ultra_ps_e_0/inst/pl_clk0 | design_1_i/ps8_0_axi_periph/s00_couplers/auto_ds/inst/gen_downsizer.gen_simple_downsizer.axi_downsizer_inst/USE_READ.read_addr_inst/cmd_queue/inst/fifo_gen_inst/inst_fifo_gen/gconvfifo.rf/grf.rf/rstblk/E[0]                                                                        |                                                                                                                                                                                                                                   |                6 |             26 |         4.33 |
|  design_1_i/zynq_ultra_ps_e_0/inst/pl_clk0 | design_1_i/ps8_0_axi_periph/s00_couplers/auto_ds/inst/gen_downsizer.gen_simple_downsizer.axi_downsizer_inst/USE_READ.read_addr_inst/cmd_queue/inst/fifo_gen_inst/inst_fifo_gen/gconvfifo.rf/grf.rf/gntv_or_sync_fifo.gl0.rd/gr1.gr1_int.rfwft/E[0]                                    |                                                                                                                                                                                                                                   |                2 |             26 |        13.00 |
|  design_1_i/zynq_ultra_ps_e_0/inst/pl_clk0 | design_1_i/accelerator_0/inst/grp_accelerator_Pipeline_VITIS_LOOP_73_3_fu_434/ap_CS_fsm_state22                                                                                                                                                                                       |                                                                                                                                                                                                                                   |                9 |             28 |         3.11 |
|  design_1_i/zynq_ultra_ps_e_0/inst/pl_clk0 | design_1_i/accelerator_0/inst/grp_accelerator_Pipeline_VITIS_LOOP_73_3_fu_434/ap_CS_fsm_state95                                                                                                                                                                                       |                                                                                                                                                                                                                                   |               19 |             28 |         1.47 |
|  design_1_i/zynq_ultra_ps_e_0/inst/pl_clk0 | design_1_i/accelerator_0/inst/grp_accelerator_Pipeline_VITIS_LOOP_73_3_fu_434/ap_CS_fsm_state94                                                                                                                                                                                       |                                                                                                                                                                                                                                   |                9 |             28 |         3.11 |
|  design_1_i/zynq_ultra_ps_e_0/inst/pl_clk0 | design_1_i/accelerator_0/inst/grp_accelerator_Pipeline_VITIS_LOOP_73_3_fu_434/ap_CS_fsm_state59                                                                                                                                                                                       |                                                                                                                                                                                                                                   |               19 |             28 |         1.47 |
|  design_1_i/zynq_ultra_ps_e_0/inst/pl_clk0 | design_1_i/accelerator_0/inst/grp_accelerator_Pipeline_VITIS_LOOP_73_3_fu_434/ap_CS_fsm_state130                                                                                                                                                                                      |                                                                                                                                                                                                                                   |                7 |             28 |         4.00 |
|  design_1_i/zynq_ultra_ps_e_0/inst/pl_clk0 | design_1_i/accelerator_0/inst/grp_accelerator_Pipeline_VITIS_LOOP_73_3_fu_434/ap_CS_fsm_state23                                                                                                                                                                                       |                                                                                                                                                                                                                                   |               15 |             28 |         1.87 |
|  design_1_i/zynq_ultra_ps_e_0/inst/pl_clk0 | design_1_i/accelerator_0/inst/grp_accelerator_Pipeline_VITIS_LOOP_73_3_fu_434/ap_CS_fsm_state58                                                                                                                                                                                       |                                                                                                                                                                                                                                   |                9 |             28 |         3.11 |
|  design_1_i/zynq_ultra_ps_e_0/inst/pl_clk0 | design_1_i/accelerator_0/inst/grp_accelerator_Pipeline_VITIS_LOOP_73_3_fu_434/ap_CS_fsm_state131                                                                                                                                                                                      |                                                                                                                                                                                                                                   |               17 |             28 |         1.65 |
|  design_1_i/zynq_ultra_ps_e_0/inst/pl_clk0 | design_1_i/accelerator_0/inst/grp_accelerator_Pipeline_VITIS_LOOP_73_3_fu_434/reg_7060                                                                                                                                                                                                |                                                                                                                                                                                                                                   |                6 |             30 |         5.00 |
|  design_1_i/zynq_ultra_ps_e_0/inst/pl_clk0 | design_1_i/accelerator_0/inst/grp_accelerator_Pipeline_VITIS_LOOP_55_1_fu_402/bias_1_local_idx96_promoted151_fu_92                                                                                                                                                                    | design_1_i/accelerator_0/inst/grp_accelerator_Pipeline_VITIS_LOOP_55_1_fu_402/flow_control_loop_pipe_sequential_init_U/ap_loop_init_int_reg_0[0]                                                                                  |               17 |             32 |         1.88 |
|  design_1_i/zynq_ultra_ps_e_0/inst/pl_clk0 | design_1_i/ps8_0_axi_periph/s00_couplers/auto_ds/inst/gen_downsizer.gen_simple_downsizer.axi_downsizer_inst/USE_READ.read_addr_inst/cmd_queue/inst/empty_fwft_i_reg_1[0]                                                                                                              | design_1_i/ps8_0_axi_periph/s00_couplers/auto_ds/inst/gen_downsizer.gen_simple_downsizer.axi_downsizer_inst/USE_READ.read_addr_inst/cmd_queue/inst/s_axi_aresetn[0]                                                               |               11 |             32 |         2.91 |
|  design_1_i/zynq_ultra_ps_e_0/inst/pl_clk0 | design_1_i/ps8_0_axi_periph/s00_couplers/auto_ds/inst/gen_downsizer.gen_simple_downsizer.axi_downsizer_inst/USE_READ.read_addr_inst/cmd_queue/inst/empty_fwft_i_reg_0[0]                                                                                                              | design_1_i/ps8_0_axi_periph/s00_couplers/auto_ds/inst/gen_downsizer.gen_simple_downsizer.axi_downsizer_inst/USE_READ.read_addr_inst/cmd_queue/inst/s_axi_aresetn[0]                                                               |               11 |             32 |         2.91 |
|  design_1_i/zynq_ultra_ps_e_0/inst/pl_clk0 | design_1_i/accelerator_0/inst/grp_accelerator_Pipeline_VITIS_LOOP_55_1_fu_402/bias_1_local_idx97_promoted153_fu_96                                                                                                                                                                    | design_1_i/accelerator_0/inst/grp_accelerator_Pipeline_VITIS_LOOP_55_1_fu_402/flow_control_loop_pipe_sequential_init_U/ap_loop_init_int_reg_0[0]                                                                                  |               17 |             32 |         1.88 |
|  design_1_i/zynq_ultra_ps_e_0/inst/pl_clk0 | design_1_i/accelerator_0/inst/grp_accelerator_Pipeline_VITIS_LOOP_73_3_fu_434/grp_model_array_fu_596/ap_CS_fsm_state5                                                                                                                                                                 |                                                                                                                                                                                                                                   |                6 |             32 |         5.33 |
|  design_1_i/zynq_ultra_ps_e_0/inst/pl_clk0 | design_1_i/ps8_0_axi_periph/s00_couplers/auto_ds/inst/gen_downsizer.gen_simple_downsizer.axi_downsizer_inst/USE_WRITE.write_addr_inst/cmd_queue/inst/fifo_gen_inst/inst_fifo_gen/gconvfifo.rf/grf.rf/gntv_or_sync_fifo.gl0.wr/gwss.wsts/E[0]                                          |                                                                                                                                                                                                                                   |                2 |             32 |        16.00 |
|  design_1_i/zynq_ultra_ps_e_0/inst/pl_clk0 | design_1_i/accelerator_0/inst/grp_accelerator_Pipeline_VITIS_LOOP_73_3_fu_434/grp_model_array_fu_596/ap_CS_fsm_state3                                                                                                                                                                 |                                                                                                                                                                                                                                   |               17 |             32 |         1.88 |
|  design_1_i/zynq_ultra_ps_e_0/inst/pl_clk0 | design_1_i/accelerator_0/inst/grp_accelerator_Pipeline_VITIS_LOOP_73_3_fu_434/grp_model_array_fu_596/ap_CS_fsm_state4                                                                                                                                                                 |                                                                                                                                                                                                                                   |               10 |             32 |         3.20 |
|  design_1_i/zynq_ultra_ps_e_0/inst/pl_clk0 | design_1_i/accelerator_0/inst/control_s_axi_U/rdata[31]_i_1_n_3                                                                                                                                                                                                                       |                                                                                                                                                                                                                                   |               16 |             32 |         2.00 |
|  design_1_i/zynq_ultra_ps_e_0/inst/pl_clk0 | design_1_i/ps8_0_axi_periph/s00_couplers/auto_pc/inst/gen_axilite.gen_b2s_conv.axilite_b2s/RD.r_channel_0/rd_data_fifo_0/wr_en0                                                                                                                                                       |                                                                                                                                                                                                                                   |                5 |             32 |         6.40 |
|  design_1_i/zynq_ultra_ps_e_0/inst/pl_clk0 | design_1_i/ps8_0_axi_periph/s00_couplers/auto_ds/inst/gen_downsizer.gen_simple_downsizer.axi_downsizer_inst/USE_READ.read_addr_inst/cmd_queue/inst/fifo_gen_inst/inst_fifo_gen/gconvfifo.rf/grf.rf/gntv_or_sync_fifo.gl0.wr/gwss.wsts/E[0]                                            |                                                                                                                                                                                                                                   |                2 |             32 |        16.00 |
|  design_1_i/zynq_ultra_ps_e_0/inst/pl_clk0 | design_1_i/ps8_0_axi_periph/s00_couplers/auto_pc/inst/gen_axilite.gen_b2s_conv.axilite_b2s/SI_REG/r.r_pipe/si_rs_rready                                                                                                                                                               |                                                                                                                                                                                                                                   |                9 |             33 |         3.67 |
|  design_1_i/zynq_ultra_ps_e_0/inst/pl_clk0 | design_1_i/ps8_0_axi_periph/s00_couplers/auto_pc/inst/gen_axilite.gen_b2s_conv.axilite_b2s/SI_REG/r.r_pipe/p_1_in                                                                                                                                                                     |                                                                                                                                                                                                                                   |               10 |             33 |         3.30 |
|  design_1_i/zynq_ultra_ps_e_0/inst/pl_clk0 | design_1_i/ps8_0_axi_periph/s00_couplers/auto_ds/inst/gen_downsizer.gen_simple_downsizer.axi_downsizer_inst/USE_READ.read_addr_inst/S_AXI_AREADY_I_reg_0                                                                                                                              |                                                                                                                                                                                                                                   |               16 |             36 |         2.25 |
|  design_1_i/zynq_ultra_ps_e_0/inst/pl_clk0 | design_1_i/ps8_0_axi_periph/s00_couplers/auto_ds/inst/gen_downsizer.gen_simple_downsizer.axi_downsizer_inst/USE_WRITE.write_addr_inst/S_AXI_AREADY_I_reg_0                                                                                                                            |                                                                                                                                                                                                                                   |               12 |             36 |         3.00 |
|  design_1_i/zynq_ultra_ps_e_0/inst/pl_clk0 | design_1_i/accelerator_0/inst/grp_accelerator_Pipeline_VITIS_LOOP_73_3_fu_434/grp_model_array_fu_596/ap_CS_fsm_state6                                                                                                                                                                 |                                                                                                                                                                                                                                   |                8 |             48 |         6.00 |
|  design_1_i/zynq_ultra_ps_e_0/inst/pl_clk0 | design_1_i/ps8_0_axi_periph/s00_couplers/auto_ds/inst/gen_downsizer.gen_simple_downsizer.axi_downsizer_inst/USE_WRITE.write_addr_inst/S_AXI_AREADY_I_reg_0                                                                                                                            | design_1_i/rst_ps8_0_99M/U0/peripheral_aresetn[0]                                                                                                                                                                                 |               16 |             56 |         3.50 |
|  design_1_i/zynq_ultra_ps_e_0/inst/pl_clk0 | design_1_i/ps8_0_axi_periph/s00_couplers/auto_ds/inst/gen_downsizer.gen_simple_downsizer.axi_downsizer_inst/USE_READ.read_addr_inst/S_AXI_AREADY_I_reg_0                                                                                                                              | design_1_i/rst_ps8_0_99M/U0/peripheral_aresetn[0]                                                                                                                                                                                 |               20 |             56 |         2.80 |
|  design_1_i/zynq_ultra_ps_e_0/inst/pl_clk0 | design_1_i/accelerator_0/inst/grp_accelerator_Pipeline_VITIS_LOOP_55_1_fu_402/w1_local_1_fu_112                                                                                                                                                                                       | design_1_i/accelerator_0/inst/grp_accelerator_Pipeline_VITIS_LOOP_55_1_fu_402/flow_control_loop_pipe_sequential_init_U/ap_loop_init_int_reg_0[0]                                                                                  |               29 |             64 |         2.21 |
|  design_1_i/zynq_ultra_ps_e_0/inst/pl_clk0 | design_1_i/accelerator_0/inst/grp_accelerator_Pipeline_VITIS_LOOP_55_1_fu_402/w1_local_2_fu_124                                                                                                                                                                                       | design_1_i/accelerator_0/inst/grp_accelerator_Pipeline_VITIS_LOOP_55_1_fu_402/flow_control_loop_pipe_sequential_init_U/ap_loop_init_int_reg_0[0]                                                                                  |               29 |             64 |         2.21 |
|  design_1_i/zynq_ultra_ps_e_0/inst/pl_clk0 | design_1_i/accelerator_0/inst/ap_CS_fsm_state3                                                                                                                                                                                                                                        |                                                                                                                                                                                                                                   |               19 |             64 |         3.37 |
|  design_1_i/zynq_ultra_ps_e_0/inst/pl_clk0 | design_1_i/accelerator_0/inst/ap_CS_fsm_state2                                                                                                                                                                                                                                        |                                                                                                                                                                                                                                   |               17 |             64 |         3.76 |
|  design_1_i/zynq_ultra_ps_e_0/inst/pl_clk0 | design_1_i/accelerator_0/inst/grp_accelerator_Pipeline_VITIS_LOOP_73_3_fu_434/ap_CS_fsm_state12                                                                                                                                                                                       |                                                                                                                                                                                                                                   |               55 |             96 |         1.75 |
|  design_1_i/zynq_ultra_ps_e_0/inst/pl_clk0 | design_1_i/accelerator_0/inst/grp_accelerator_Pipeline_VITIS_LOOP_165_9_fu_485/flow_control_loop_pipe_sequential_init_U/n_1_fu_76_reg[0]_1[0]                                                                                                                                         |                                                                                                                                                                                                                                   |               32 |             96 |         3.00 |
|  design_1_i/zynq_ultra_ps_e_0/inst/pl_clk0 | design_1_i/accelerator_0/inst/grp_accelerator_Pipeline_VITIS_LOOP_165_9_fu_485/flow_control_loop_pipe_sequential_init_U/n_1_fu_76_reg[0][0]                                                                                                                                           |                                                                                                                                                                                                                                   |               36 |             96 |         2.67 |
|  design_1_i/zynq_ultra_ps_e_0/inst/pl_clk0 | design_1_i/accelerator_0/inst/grp_accelerator_Pipeline_VITIS_LOOP_73_3_fu_434/ap_CS_fsm_state3                                                                                                                                                                                        |                                                                                                                                                                                                                                   |               51 |             96 |         1.88 |
|  design_1_i/zynq_ultra_ps_e_0/inst/pl_clk0 | design_1_i/accelerator_0/inst/grp_accelerator_Pipeline_VITIS_LOOP_73_3_fu_434/reg_7660                                                                                                                                                                                                |                                                                                                                                                                                                                                   |               41 |             96 |         2.34 |
|  design_1_i/zynq_ultra_ps_e_0/inst/pl_clk0 | design_1_i/accelerator_0/inst/grp_accelerator_Pipeline_VITIS_LOOP_73_3_fu_434/grp_model_array_fu_596/mac_mulsub_16s_6ns_25s_25_4_1_U33/accelerator_mac_mulsub_16s_6ns_25s_25_4_1_DSP48_0_U/ce2                                                                                        |                                                                                                                                                                                                                                   |               53 |             97 |         1.83 |
|  design_1_i/zynq_ultra_ps_e_0/inst/pl_clk0 | design_1_i/accelerator_0/inst/grp_accelerator_Pipeline_VITIS_LOOP_73_3_fu_434/reg_7200                                                                                                                                                                                                |                                                                                                                                                                                                                                   |               45 |            128 |         2.84 |
|  design_1_i/zynq_ultra_ps_e_0/inst/pl_clk0 |                                                                                                                                                                                                                                                                                       |                                                                                                                                                                                                                                   |               53 |            132 |         2.49 |
|  design_1_i/zynq_ultra_ps_e_0/inst/pl_clk0 | design_1_i/accelerator_0/inst/grp_accelerator_Pipeline_VITIS_LOOP_73_3_fu_434/w2_local_3_0_fu_272                                                                                                                                                                                     |                                                                                                                                                                                                                                   |               59 |            192 |         3.25 |
|  design_1_i/zynq_ultra_ps_e_0/inst/pl_clk0 | design_1_i/accelerator_0/inst/ap_CS_fsm_state7                                                                                                                                                                                                                                        |                                                                                                                                                                                                                                   |               48 |            192 |         4.00 |
|  design_1_i/zynq_ultra_ps_e_0/inst/pl_clk0 | design_1_i/accelerator_0/inst/grp_accelerator_Pipeline_VITIS_LOOP_73_3_fu_434/E[0]                                                                                                                                                                                                    |                                                                                                                                                                                                                                   |               50 |            196 |         3.92 |
|  design_1_i/zynq_ultra_ps_e_0/inst/pl_clk0 | design_1_i/accelerator_0/inst/grp_accelerator_Pipeline_VITIS_LOOP_73_3_fu_434/icmp_ln73_reg_2653_reg[0]_0[0]                                                                                                                                                                          |                                                                                                                                                                                                                                   |               66 |            196 |         2.97 |
|  design_1_i/zynq_ultra_ps_e_0/inst/pl_clk0 | design_1_i/accelerator_0/inst/ap_CS_fsm_state9                                                                                                                                                                                                                                        | design_1_i/rst_ps8_0_99M/U0/peripheral_aresetn[0]                                                                                                                                                                                 |               36 |            196 |         5.44 |
|  design_1_i/zynq_ultra_ps_e_0/inst/pl_clk0 |                                                                                                                                                                                                                                                                                       | design_1_i/rst_ps8_0_99M/U0/peripheral_aresetn[0]                                                                                                                                                                                 |               53 |            233 |         4.40 |
+--------------------------------------------+---------------------------------------------------------------------------------------------------------------------------------------------------------------------------------------------------------------------------------------------------------------------------------------+-----------------------------------------------------------------------------------------------------------------------------------------------------------------------------------------------------------------------------------+------------------+----------------+--------------+


