Copyright 1986-2022 Xilinx, Inc. All Rights Reserved. Copyright 2022-2024 Advanced Micro Devices, Inc. All Rights Reserved.
---------------------------------------------------------------------------------------------------------------------------------------------
| Tool Version : Vivado v.2024.1 (win64) Build 5076996 Wed May 22 18:37:14 MDT 2024
| Date         : Tue Oct 29 09:43:46 2024
| Host         : RYN-B10-PC-13 running 64-bit major release  (build 9200)
| Command      : report_drc -file design_1_wrapper_drc_opted.rpt -pb design_1_wrapper_drc_opted.pb -rpx design_1_wrapper_drc_opted.rpx
| Design       : design_1_wrapper
| Device       : xczu3eg-sfvc784-1-e
| Speed File   : -1
| Design State : Synthesized
---------------------------------------------------------------------------------------------------------------------------------------------

Report DRC

Table of Contents
-----------------
1. REPORT SUMMARY
2. REPORT DETAILS

1. REPORT SUMMARY
-----------------
            Netlist: netlist
          Floorplan: design_1
      Design limits: <entire design considered>
           Ruledeck: default
             Max violations: <unlimited>
             Violations found: 14
+--------+----------+------------------------+------------+
| Rule   | Severity | Description            | Violations |
+--------+----------+------------------------+------------+
| DPIP-2 | Warning  | Input pipelining       | 8          |
| DPOP-3 | Warning  | PREG Output pipelining | 2          |
| DPOP-4 | Warning  | MREG Output pipelining | 4          |
+--------+----------+------------------------+------------+

2. REPORT DETAILS
-----------------
DPIP-2#1 Warning
Input pipelining  
DSP design_1_i/accelerator_0/inst/grp_accelerator_Pipeline_VITIS_LOOP_73_3_fu_434/grp_model_array_fu_596/mac_muladd_16s_16s_25ns_25_4_1_U34/accelerator_mac_muladd_16s_16s_25ns_25_4_1_DSP48_0_U/p_reg_reg input design_1_i/accelerator_0/inst/grp_accelerator_Pipeline_VITIS_LOOP_73_3_fu_434/grp_model_array_fu_596/mac_muladd_16s_16s_25ns_25_4_1_U34/accelerator_mac_muladd_16s_16s_25ns_25_4_1_DSP48_0_U/p_reg_reg/C[47:0] is not pipelined. Pipelining DSP48 input will improve performance.
Related violations: <none>

DPIP-2#2 Warning
Input pipelining  
DSP design_1_i/accelerator_0/inst/grp_accelerator_Pipeline_VITIS_LOOP_73_3_fu_434/grp_model_array_fu_596/mac_muladd_16s_16s_25ns_25_4_1_U35/accelerator_mac_muladd_16s_16s_25ns_25_4_1_DSP48_0_U/p_reg_reg input design_1_i/accelerator_0/inst/grp_accelerator_Pipeline_VITIS_LOOP_73_3_fu_434/grp_model_array_fu_596/mac_muladd_16s_16s_25ns_25_4_1_U35/accelerator_mac_muladd_16s_16s_25ns_25_4_1_DSP48_0_U/p_reg_reg/C[47:0] is not pipelined. Pipelining DSP48 input will improve performance.
Related violations: <none>

DPIP-2#3 Warning
Input pipelining  
DSP design_1_i/accelerator_0/inst/grp_accelerator_Pipeline_VITIS_LOOP_73_3_fu_434/grp_model_array_fu_596/mac_muladd_16s_16s_25ns_25_4_1_U36/accelerator_mac_muladd_16s_16s_25ns_25_4_1_DSP48_0_U/p_reg_reg input design_1_i/accelerator_0/inst/grp_accelerator_Pipeline_VITIS_LOOP_73_3_fu_434/grp_model_array_fu_596/mac_muladd_16s_16s_25ns_25_4_1_U36/accelerator_mac_muladd_16s_16s_25ns_25_4_1_DSP48_0_U/p_reg_reg/C[47:0] is not pipelined. Pipelining DSP48 input will improve performance.
Related violations: <none>

DPIP-2#4 Warning
Input pipelining  
DSP design_1_i/accelerator_0/inst/grp_accelerator_Pipeline_VITIS_LOOP_73_3_fu_434/grp_model_array_fu_596/mac_muladd_16s_16s_25ns_25_4_1_U37/accelerator_mac_muladd_16s_16s_25ns_25_4_1_DSP48_0_U/p_reg_reg input design_1_i/accelerator_0/inst/grp_accelerator_Pipeline_VITIS_LOOP_73_3_fu_434/grp_model_array_fu_596/mac_muladd_16s_16s_25ns_25_4_1_U37/accelerator_mac_muladd_16s_16s_25ns_25_4_1_DSP48_0_U/p_reg_reg/C[47:0] is not pipelined. Pipelining DSP48 input will improve performance.
Related violations: <none>

DPIP-2#5 Warning
Input pipelining  
DSP design_1_i/accelerator_0/inst/grp_accelerator_Pipeline_VITIS_LOOP_73_3_fu_434/grp_model_array_fu_596/tmp_1_reg_708_reg input design_1_i/accelerator_0/inst/grp_accelerator_Pipeline_VITIS_LOOP_73_3_fu_434/grp_model_array_fu_596/tmp_1_reg_708_reg/A[29:0] is not pipelined. Pipelining DSP48 input will improve performance.
Related violations: <none>

DPIP-2#6 Warning
Input pipelining  
DSP design_1_i/accelerator_0/inst/grp_accelerator_Pipeline_VITIS_LOOP_73_3_fu_434/grp_model_array_fu_596/tmp_1_reg_708_reg input design_1_i/accelerator_0/inst/grp_accelerator_Pipeline_VITIS_LOOP_73_3_fu_434/grp_model_array_fu_596/tmp_1_reg_708_reg/B[17:0] is not pipelined. Pipelining DSP48 input will improve performance.
Related violations: <none>

DPIP-2#7 Warning
Input pipelining  
DSP design_1_i/accelerator_0/inst/grp_accelerator_Pipeline_VITIS_LOOP_73_3_fu_434/grp_model_array_fu_596/tmp_reg_703_reg input design_1_i/accelerator_0/inst/grp_accelerator_Pipeline_VITIS_LOOP_73_3_fu_434/grp_model_array_fu_596/tmp_reg_703_reg/A[29:0] is not pipelined. Pipelining DSP48 input will improve performance.
Related violations: <none>

DPIP-2#8 Warning
Input pipelining  
DSP design_1_i/accelerator_0/inst/grp_accelerator_Pipeline_VITIS_LOOP_73_3_fu_434/grp_model_array_fu_596/tmp_reg_703_reg input design_1_i/accelerator_0/inst/grp_accelerator_Pipeline_VITIS_LOOP_73_3_fu_434/grp_model_array_fu_596/tmp_reg_703_reg/B[17:0] is not pipelined. Pipelining DSP48 input will improve performance.
Related violations: <none>

DPOP-3#1 Warning
PREG Output pipelining  
DSP design_1_i/accelerator_0/inst/grp_accelerator_Pipeline_VITIS_LOOP_73_3_fu_434/grp_model_array_fu_596/mul_ln14_2_reg_733_reg output design_1_i/accelerator_0/inst/grp_accelerator_Pipeline_VITIS_LOOP_73_3_fu_434/grp_model_array_fu_596/mul_ln14_2_reg_733_reg/P[47:0] is not pipelined (PREG=0). Pipelining the DSP48 output will improve performance and often saves power so it is suggested whenever possible to fully pipeline this function.  If this DSP48 function was inferred, it is suggested to describe an additional register stage after this function.  If the DSP48 was instantiated in the design, it is suggested to set the PREG attribute to 1.
Related violations: <none>

DPOP-3#2 Warning
PREG Output pipelining  
DSP design_1_i/accelerator_0/inst/grp_accelerator_Pipeline_VITIS_LOOP_73_3_fu_434/grp_model_array_fu_596/mul_ln14_reg_723_reg output design_1_i/accelerator_0/inst/grp_accelerator_Pipeline_VITIS_LOOP_73_3_fu_434/grp_model_array_fu_596/mul_ln14_reg_723_reg/P[47:0] is not pipelined (PREG=0). Pipelining the DSP48 output will improve performance and often saves power so it is suggested whenever possible to fully pipeline this function.  If this DSP48 function was inferred, it is suggested to describe an additional register stage after this function.  If the DSP48 was instantiated in the design, it is suggested to set the PREG attribute to 1.
Related violations: <none>

DPOP-4#1 Warning
MREG Output pipelining  
DSP design_1_i/accelerator_0/inst/grp_accelerator_Pipeline_VITIS_LOOP_73_3_fu_434/grp_model_array_fu_596/tmp_1_reg_708_reg multiplier stage design_1_i/accelerator_0/inst/grp_accelerator_Pipeline_VITIS_LOOP_73_3_fu_434/grp_model_array_fu_596/tmp_1_reg_708_reg/P[47:0] is not pipelined (MREG=0). Pipelining the multiplier function will improve performance and will save significant power so it is suggested whenever possible to fully pipeline this function.  If this multiplier was inferred, it is suggested to describe an additional register stage after this function.  If there is no registered adder/accumulator following the multiply function, two pipeline stages are suggested to allow both the MREG and PREG registers to be used.  If the DSP48 was instantiated in the design, it is suggested to set both the MREG and PREG attributes to 1 when performing multiply functions.
Related violations: <none>

DPOP-4#2 Warning
MREG Output pipelining  
DSP design_1_i/accelerator_0/inst/grp_accelerator_Pipeline_VITIS_LOOP_73_3_fu_434/grp_model_array_fu_596/tmp_2_reg_808_reg multiplier stage design_1_i/accelerator_0/inst/grp_accelerator_Pipeline_VITIS_LOOP_73_3_fu_434/grp_model_array_fu_596/tmp_2_reg_808_reg/P[47:0] is not pipelined (MREG=0). Pipelining the multiplier function will improve performance and will save significant power so it is suggested whenever possible to fully pipeline this function.  If this multiplier was inferred, it is suggested to describe an additional register stage after this function.  If there is no registered adder/accumulator following the multiply function, two pipeline stages are suggested to allow both the MREG and PREG registers to be used.  If the DSP48 was instantiated in the design, it is suggested to set both the MREG and PREG attributes to 1 when performing multiply functions.
Related violations: <none>

DPOP-4#3 Warning
MREG Output pipelining  
DSP design_1_i/accelerator_0/inst/grp_accelerator_Pipeline_VITIS_LOOP_73_3_fu_434/grp_model_array_fu_596/tmp_3_reg_834_reg multiplier stage design_1_i/accelerator_0/inst/grp_accelerator_Pipeline_VITIS_LOOP_73_3_fu_434/grp_model_array_fu_596/tmp_3_reg_834_reg/P[47:0] is not pipelined (MREG=0). Pipelining the multiplier function will improve performance and will save significant power so it is suggested whenever possible to fully pipeline this function.  If this multiplier was inferred, it is suggested to describe an additional register stage after this function.  If there is no registered adder/accumulator following the multiply function, two pipeline stages are suggested to allow both the MREG and PREG registers to be used.  If the DSP48 was instantiated in the design, it is suggested to set both the MREG and PREG attributes to 1 when performing multiply functions.
Related violations: <none>

DPOP-4#4 Warning
MREG Output pipelining  
DSP design_1_i/accelerator_0/inst/grp_accelerator_Pipeline_VITIS_LOOP_73_3_fu_434/grp_model_array_fu_596/tmp_reg_703_reg multiplier stage design_1_i/accelerator_0/inst/grp_accelerator_Pipeline_VITIS_LOOP_73_3_fu_434/grp_model_array_fu_596/tmp_reg_703_reg/P[47:0] is not pipelined (MREG=0). Pipelining the multiplier function will improve performance and will save significant power so it is suggested whenever possible to fully pipeline this function.  If this multiplier was inferred, it is suggested to describe an additional register stage after this function.  If there is no registered adder/accumulator following the multiply function, two pipeline stages are suggested to allow both the MREG and PREG registers to be used.  If the DSP48 was instantiated in the design, it is suggested to set both the MREG and PREG attributes to 1 when performing multiply functions.
Related violations: <none>


